Component: ARM Compiler 5.06 update 6 (build 750) Tool: armlink [4d35ed]

==============================================================================

Section Cross References

    delay_1.o(i.Delay_Init) refers to stm32f10x_rcc.o(i.RCC_APB1PeriphClockCmd) for RCC_APB1PeriphClockCmd
    delay_1.o(i.Delay_Init) refers to stm32f10x_tim.o(i.TIM_TimeBaseInit) for TIM_TimeBaseInit
    delay_1.o(i.Delay_Init) refers to stm32f10x_tim.o(i.TIM_Cmd) for TIM_Cmd
    delay_1.o(i.Delay_Init) refers to delay_1.o(.bss) for TIM_InitStructure
    delay_1.o(i.Delay_Ms) refers to delay_1.o(i.Delay_Us) for Delay_Us
    delay_1.o(i.Delay_Us) refers to delay_1.o(i.Delay_Init) for Delay_Init
    delay_1.o(i.Delay_Us) refers to stm32f10x_tim.o(i.TIM_SetCounter) for TIM_SetCounter
    delay_1.o(i.Delay_Us) refers to stm32f10x_tim.o(i.TIM_GetCounter) for TIM_GetCounter
    delay_1.o(i.Delay_Us) refers to stm32f10x_tim.o(i.TIM_Cmd) for TIM_Cmd
    device_command_1.o(i.checksum) refers to device_command_1.o(.data) for tempcrc
    device_command_1.o(i.comm_create_command) refers to device_command_1.o(i.string_copy) for string_copy
    device_command_1.o(i.comm_create_command) refers to device_command_1.o(i.string_cat) for string_cat
    device_command_1.o(i.comm_create_command) refers to device_command_1.o(i.conver_unsigned_intTostr) for conver_unsigned_intTostr
    device_command_1.o(i.comm_create_command) refers to device_command_1.o(i.string_crc) for string_crc
    device_command_1.o(i.comm_create_command) refers to device_command_1.o(i.conver_floatTostr) for conver_floatTostr
    device_command_1.o(i.comm_detect_command) refers to device_command_1.o(i.string_cmp_len) for string_cmp_len
    device_command_1.o(i.comm_detect_command) refers to device_command_1.o(i.string_length) for string_length
    device_command_1.o(i.comm_detect_command) refers to device_command_1.o(i.string_split) for string_split
    device_command_1.o(i.comm_detect_command) refers to device_command_1.o(i.conver_unsigned_strToint) for conver_unsigned_strToint
    device_command_1.o(i.comm_detect_command) refers to device_command_1.o(i.checksum) for checksum
    device_command_1.o(i.comm_detect_command) refers to device_command_1.o(i.conver_strTofloat) for conver_strTofloat
    device_command_1.o(i.conver_floatTostr) refers to f2d.o(x$fpl$f2d) for __aeabi_f2d
    device_command_1.o(i.conver_floatTostr) refers to dleqf.o(x$fpl$dleqf) for __aeabi_cdcmple
    device_command_1.o(i.conver_floatTostr) refers to device_command_1.o(i.string_copy) for string_copy
    device_command_1.o(i.conver_floatTostr) refers to dmul.o(x$fpl$dmul) for __aeabi_dmul
    device_command_1.o(i.conver_floatTostr) refers to d2f.o(x$fpl$d2f) for __aeabi_d2f
    device_command_1.o(i.conver_floatTostr) refers to ffix.o(x$fpl$ffix) for __aeabi_f2iz
    device_command_1.o(i.conver_floatTostr) refers to fflt_clz.o(x$fpl$ffltu) for __aeabi_ui2f
    device_command_1.o(i.conver_floatTostr) refers to faddsub_clz.o(x$fpl$frsb) for __aeabi_frsub
    device_command_1.o(i.conver_floatTostr) refers to device_command_1.o(i.conver_unsigned_intTostr) for conver_unsigned_intTostr
    device_command_1.o(i.conver_floatTostr) refers to device_command_1.o(i.string_cat) for string_cat
    device_command_1.o(i.conver_floatTostr) refers to ffixu.o(x$fpl$ffixu) for __aeabi_f2uiz
    device_command_1.o(i.conver_floatTostr) refers to device_command_1.o(.bss) for arr
    device_command_1.o(i.conver_strTofloat) refers to dflt_clz.o(x$fpl$dflt) for __aeabi_i2d
    device_command_1.o(i.conver_strTofloat) refers to f2d.o(x$fpl$f2d) for __aeabi_f2d
    device_command_1.o(i.conver_strTofloat) refers to dmul.o(x$fpl$dmul) for __aeabi_dmul
    device_command_1.o(i.conver_strTofloat) refers to daddsub_clz.o(x$fpl$dadd) for __aeabi_dadd
    device_command_1.o(i.conver_strTofloat) refers to d2f.o(x$fpl$d2f) for __aeabi_d2f
    device_command_1.o(i.conver_strTofloat) refers to fflt_clz.o(x$fpl$ffltu) for __aeabi_ui2f
    device_command_1.o(i.conver_strTofloat) refers to fflt_clz.o(x$fpl$fflt) for __aeabi_i2f
    device_command_1.o(i.conver_strTofloat) refers to fdiv.o(x$fpl$fdiv) for __aeabi_fdiv
    device_command_1.o(i.conver_strTofloat) refers to faddsub_clz.o(x$fpl$fadd) for __aeabi_fadd
    device_command_1.o(i.conver_strTofloat) refers to fmul.o(x$fpl$fmul) for __aeabi_fmul
    device_command_1.o(i.conver_strTofloat) refers to device_command_1.o(.data) for tempdata
    device_command_1.o(i.conver_unsigned_intTostr) refers to device_command_1.o(.bss) for arr
    device_command_1.o(i.conver_unsigned_strToint) refers to device_command_1.o(.data) for tempdata
    device_command_1.o(i.string_copy) refers to device_command_1.o(i.string_length) for string_length
    device_command_1.o(i.string_crc) refers to device_command_1.o(i.conver_unsigned_intTostr) for conver_unsigned_intTostr
    device_command_1.o(i.string_crc) refers to device_command_1.o(i.string_cat) for string_cat
[...]
    Removing stm32f10x_tim.o(i.TIM_CCxCmd), (30 bytes).
    Removing stm32f10x_tim.o(i.TIM_CCxNCmd), (30 bytes).
    Removing stm32f10x_tim.o(i.TIM_ClearOC1Ref), (18 bytes).
    Removing stm32f10x_tim.o(i.TIM_ClearOC2Ref), (24 bytes).
    Removing stm32f10x_tim.o(i.TIM_ClearOC3Ref), (18 bytes).
    Removing stm32f10x_tim.o(i.TIM_ClearOC4Ref), (24 bytes).
    Removing stm32f10x_tim.o(i.TIM_CounterModeConfig), (18 bytes).
    Removing stm32f10x_tim.o(i.TIM_CtrlPWMOutputs), (30 bytes).
    Removing stm32f10x_tim.o(i.TIM_DMACmd), (18 bytes).
    Removing stm32f10x_tim.o(i.TIM_DMAConfig), (10 bytes).
    Removing stm32f10x_tim.o(i.TIM_DeInit), (488 bytes).
    Removing stm32f10x_tim.o(i.TIM_ETRClockMode1Config), (54 bytes).
    Removing stm32f10x_tim.o(i.TIM_ETRClockMode2Config), (32 bytes).
    Removing stm32f10x_tim.o(i.TIM_ETRConfig), (28 bytes).
    Removing stm32f10x_tim.o(i.TIM_EncoderInterfaceConfig), (66 bytes).
    Removing stm32f10x_tim.o(i.TIM_ForcedOC1Config), (18 bytes).
    Removing stm32f10x_tim.o(i.TIM_ForcedOC2Config), (26 bytes).
    Removing stm32f10x_tim.o(i.TIM_ForcedOC3Config), (18 bytes).
    Removing stm32f10x_tim.o(i.TIM_ForcedOC4Config), (26 bytes).
    Removing stm32f10x_tim.o(i.TIM_GenerateEvent), (4 bytes).
    Removing stm32f10x_tim.o(i.TIM_GetCapture1), (6 bytes).
    Removing stm32f10x_tim.o(i.TIM_GetCapture2), (6 bytes).
    Removing stm32f10x_tim.o(i.TIM_GetCapture3), (6 bytes).
    Removing stm32f10x_tim.o(i.TIM_GetCapture4), (8 bytes).
    Removing stm32f10x_tim.o(i.TIM_GetCounter), (6 bytes).
    Removing stm32f10x_tim.o(i.TIM_GetFlagStatus), (18 bytes).
    Removing stm32f10x_tim.o(i.TIM_GetPrescaler), (6 bytes).
    Removing stm32f10x_tim.o(i.TIM_ICInit), (172 bytes).
    Removing stm32f10x_tim.o(i.TIM_ICStructInit), (18 bytes).
    Removing stm32f10x_tim.o(i.TIM_ITRxExternalClockConfig), (24 bytes).
    Removing stm32f10x_tim.o(i.TIM_InternalClockConfig), (12 bytes).
    Removing stm32f10x_tim.o(i.TIM_OC1FastConfig), (18 bytes).
    Removing stm32f10x_tim.o(i.TIM_OC1Init), (152 bytes).
    Removing stm32f10x_tim.o(i.TIM_OC1NPolarityConfig), (18 bytes).
    Removing stm32f10x_tim.o(i.TIM_OC1PolarityConfig), (18 bytes).
    Removing stm32f10x_tim.o(i.TIM_OC1PreloadConfig), (18 bytes).
    Removing stm32f10x_tim.o(i.TIM_OC2FastConfig), (26 bytes).
    Removing stm32f10x_tim.o(i.TIM_OC2Init), (164 bytes).
    Removing stm32f10x_tim.o(i.TIM_OC2NPolarityConfig), (26 bytes).
    Removing stm32f10x_tim.o(i.TIM_OC2PolarityConfig), (26 bytes).
    Removing stm32f10x_tim.o(i.TIM_OC2PreloadConfig), (26 bytes).
    Removing stm32f10x_tim.o(i.TIM_OC3FastConfig), (18 bytes).
    Removing stm32f10x_tim.o(i.TIM_OC3Init), (160 bytes).
    Removing stm32f10x_tim.o(i.TIM_OC3NPolarityConfig), (26 bytes).
    Removing stm32f10x_tim.o(i.TIM_OC3PolarityConfig), (26 bytes).
    Removing stm32f10x_tim.o(i.TIM_OC3PreloadConfig), (18 bytes).
    Removing stm32f10x_tim.o(i.TIM_OC4FastConfig), (26 bytes).
    Removing stm32f10x_tim.o(i.TIM_OC4Init), (124 bytes).
    Removing stm32f10x_tim.o(i.TIM_OC4PolarityConfig), (26 bytes).
    Removing stm32f10x_tim.o(i.TIM_OC4PreloadConfig), (26 bytes).
    Removing stm32f10x_tim.o(i.TIM_OCStructInit), (20 bytes).
    Removing stm32f10x_tim.o(i.TIM_PWMIConfig), (124 bytes).
    Removing stm32f10x_tim.o(i.TIM_PrescalerConfig), (6 bytes).
    Removing stm32f10x_tim.o(i.TIM_SelectCCDMA), (24 bytes).
    Removing stm32f10x_tim.o(i.TIM_SelectCOM), (24 bytes).
    Removing stm32f10x_tim.o(i.TIM_SelectHallSensor), (24 bytes).
    Removing stm32f10x_tim.o(i.TIM_SelectInputTrigger), (18 bytes).
    Removing stm32f10x_tim.o(i.TIM_SelectMasterSlaveMode), (18 bytes).
    Removing stm32f10x_tim.o(i.TIM_SelectOCxM), (82 bytes).
    Removing stm32f10x_tim.o(i.TIM_SelectOnePulseMode), (18 bytes).
    Removing stm32f10x_tim.o(i.TIM_SelectOutputTrigger), (18 bytes).
    Removing stm32f10x_tim.o(i.TIM_SelectSlaveMode), (18 bytes).
    Removing stm32f10x_tim.o(i.TIM_SetAutoreload), (4 bytes).
    Removing stm32f10x_tim.o(i.TIM_SetClockDivision), (18 bytes).
    Removing stm32f10x_tim.o(i.TIM_SetCompare1), (4 bytes).
    Removing stm32f10x_tim.o(i.TIM_SetCompare2), (4 bytes).
    Removing stm32f10x_tim.o(i.TIM_SetCompare3), (4 bytes).
    Removing stm32f10x_tim.o(i.TIM_SetCompare4), (6 bytes).
    Removing stm32f10x_tim.o(i.TIM_SetCounter), (4 bytes).
    Removing stm32f10x_tim.o(i.TIM_SetIC1Prescaler), (18 bytes).
    Removing stm32f10x_tim.o(i.TIM_SetIC2Prescaler), (26 bytes).
    Removing stm32f10x_tim.o(i.TIM_SetIC3Prescaler), (18 bytes).
    Removing stm32f10x_tim.o(i.TIM_SetIC4Prescaler), (26 bytes).
    Removing stm32f10x_tim.o(i.TIM_TIxExternalClockConfig), (62 bytes).
    Removing stm32f10x_tim.o(i.TIM_TimeBaseStructInit), (18 bytes).
    Removing stm32f10x_tim.o(i.TIM_UpdateDisableConfig), (24 bytes).
    Removing stm32f10x_tim.o(i.TIM_UpdateRequestConfig), (24 bytes).
    Removing stm32f10x_usart.o(.rev16_text), (4 bytes).
    Removing stm32f10x_usart.o(.revsh_text), (4 bytes).
    Removing stm32f10x_usart.o(.rrx_text), (6 bytes).
    Removing stm32f10x_usart.o(i.USART_ClearFlag), (18 bytes).
    Removing stm32f10x_usart.o(i.USART_ClockInit), (34 bytes).
    Removing stm32f10x_usart.o(i.USART_ClockStructInit), (12 bytes).
    Removing stm32f10x_usart.o(i.USART_Cmd), (24 bytes).
    Removing stm32f10x_usart.o(i.USART_DMACmd), (18 bytes).
    Removing stm32f10x_usart.o(i.USART_DeInit), (156 bytes).
    Removing stm32f10x_usart.o(i.USART_GetFlagStatus), (26 bytes).
    Removing stm32f10x_usart.o(i.USART_GetITStatus), (84 bytes).
    Removing stm32f10x_usart.o(i.USART_HalfDuplexCmd), (24 bytes).
    Removing stm32f10x_usart.o(i.USART_ITConfig), (74 bytes).
    Removing stm32f10x_usart.o(i.USART_Init), (216 bytes).
    Removing stm32f10x_usart.o(i.USART_IrDACmd), (24 bytes).
    Removing stm32f10x_usart.o(i.USART_IrDAConfig), (18 bytes).
    Removing stm32f10x_usart.o(i.USART_LINBreakDetectLengthConfig), (18 bytes).
    Removing stm32f10x_usart.o(i.USART_LINCmd), (24 bytes).
    Removing stm32f10x_usart.o(i.USART_OneBitMethodCmd), (24 bytes).
    Removing stm32f10x_usart.o(i.USART_OverSampling8Cmd), (22 bytes).
    Removing stm32f10x_usart.o(i.USART_ReceiverWakeUpCmd), (24 bytes).
    Removing stm32f10x_usart.o(i.USART_SendBreak), (10 bytes).
    Removing stm32f10x_usart.o(i.USART_SendData), (8 bytes).
    Removing stm32f10x_usart.o(i.USART_SetAddress), (18 bytes).
    Removing stm32f10x_usart.o(i.USART_SetGuardTime), (16 bytes).
    Removing stm32f10x_usart.o(i.USART_SetPrescaler), (16 bytes).
    Removing stm32f10x_usart.o(i.USART_SmartCardCmd), (24 bytes).
    Removing stm32f10x_usart.o(i.USART_SmartCardNACKCmd), (24 bytes).
    Removing stm32f10x_usart.o(i.USART_StructInit), (24 bytes).
    Removing stm32f10x_usart.o(i.USART_WakeUpConfig), (18 bytes).
    Removing system_stm32f10x.o(.rev16_text), (4 bytes).
    Removing system_stm32f10x.o(.revsh_text), (4 bytes).
    Removing system_stm32f10x.o(.rrx_text), (6 bytes).
    Removing system_stm32f10x.o(i.SystemCoreClockUpdate), (164 bytes).

209 unused section(s) (total 6982 bytes) removed from the image.

==============================================================================

Image Symbol Table

    Local Symbols

    Symbol Name                              Value     Ov Type        Size  Object(Section)

    ../clib/angel/boardlib.s                 0x00000000   Number         0  boardshut.o ABSOLUTE
    ../clib/angel/boardlib.s                 0x00000000   Number         0  boardinit1.o ABSOLUTE
    ../clib/angel/boardlib.s                 0x00000000   Number         0  boardinit2.o ABSOLUTE
    ../clib/angel/boardlib.s                 0x00000000   Number         0  boardinit3.o ABSOLUTE
    ../clib/angel/handlers.s                 0x00000000   Number         0  __scatter_zi.o ABSOLUTE
    ../clib/angel/handlers.s                 0x00000000   Number         0  __scatter_copy.o ABSOLUTE
    ../clib/angel/kernel.s                   0x00000000   Number         0  rtexit2.o ABSOLUTE
    ../clib/angel/kernel.s                   0x00000000   Number         0  rtexit.o ABSOLUTE
    ../clib/angel/kernel.s                   0x00000000   Number         0  __rtentry4.o ABSOLUTE
    ../clib/angel/kernel.s                   0x00000000   Number         0  __rtentry2.o ABSOLUTE
    ../clib/angel/kernel.s                   0x00000000   Number         0  __rtentry.o ABSOLUTE
    ../clib/angel/rt.s                       0x00000000   Number         0  rt_raise.o ABSOLUTE
    ../clib/angel/scatter.s                  0x00000000   Number         0  __scatter.o ABSOLUTE
    ../clib/angel/startup.s                  0x00000000   Number         0  __main.o ABSOLUTE
    ../clib/angel/sys.s                      0x00000000   Number         0  libspace.o ABSOLUTE
    ../clib/angel/sys.s                      0x00000000   Number         0  sys_stackheap_outer.o ABSOLUTE
    ../clib/angel/sys.s                      0x00000000   Number         0  indicate_semi.o ABSOLUTE
    ../clib/angel/sys.s                      0x00000000   Number         0  use_no_semi.o ABSOLUTE
    ../clib/angel/sysapp.c                   0x00000000   Number         0  sys_exit.o ABSOLUTE
    ../clib/angel/sysapp.c                   0x00000000   Number         0  sys_wrch.o ABSOLUTE
    ../clib/angel/sysapp.c                   0x00000000   Number         0  sys_command.o ABSOLUTE
    ../clib/armsys.c                         0x00000000   Number         0  argv_veneer.o ABSOLUTE
    ../clib/armsys.c                         0x00000000   Number         0  _get_argv_nomalloc.o ABSOLUTE
    ../clib/armsys.c                         0x00000000   Number         0  argv_veneer.o ABSOLUTE
    ../clib/armsys.c                         0x00000000   Number         0  no_argv.o ABSOLUTE
    ../clib/heapalloc.c                      0x00000000   Number         0  hrguard.o ABSOLUTE
    ../clib/heapaux.c                        0x00000000   Number         0  heapauxi.o ABSOLUTE
    ../clib/libinit.s                        0x00000000   Number         0  libinit.o ABSOLUTE
    ../clib/libinit.s                        0x00000000   Number         0  libinit2.o ABSOLUTE
    ../clib/libinit.s                        0x00000000   Number         0  libshutdown2.o ABSOLUTE
    ../clib/libinit.s                        0x00000000   Number         0  libshutdown.o ABSOLUTE
    ../clib/printf.c                         0x00000000   Number         0  __printf_flags.o ABSOLUTE
    ../clib/printf.c                         0x00000000   Number         0  _printf_intcommon.o ABSOLUTE
    ../clib/printf.c                         0x00000000   Number         0  _printf_char_file.o ABSOLUTE
    ../clib/printf.c                         0x00000000   Number         0  __printf_nopercent.o ABSOLUTE
    ../clib/printf.c                         0x00000000   Number         0  __printf_ss.o ABSOLUTE
    ../clib/printf.c                         0x00000000   Number         0  __printf_flags_ss_wp.o ABSOLUTE
    ../clib/printf.c                         0x00000000   Number         0  __printf_ss_wp.o ABSOLUTE
    ../clib/printf.c                         0x00000000   Number         0  __printf_flags_wp.o ABSOLUTE
    ../clib/printf.c                         0x00000000   Number         0  __printf_wp.o ABSOLUTE
    ../clib/printf.c                         0x00000000   Number         0  __printf_flags_ss.o ABSOLUTE
    ../clib/printf.c                         0x00000000   Number         0  _printf_char_common.o ABSOLUTE
    ../clib/printf.c                         0x00000000   Number         0  _printf_dec.o ABSOLUTE
    ../clib/printf.c                         0x00000000   Number         0  __printf.o ABSOLUTE
    ../clib/printf.c                         0x00000000   Number         0  noretval__2printf.o ABSOLUTE
    ../clib/printf.c                         0x00000000   Number         0  __2printf.o ABSOLUTE
    ../clib/printf_percent.s                 0x00000000   Number         0  _printf_percent_end.o ABSOLUTE
    ../clib/printf_percent.s                 0x00000000   Number         0  _printf_d.o ABSOLUTE
    ../clib/printf_percent.s                 0x00000000   Number         0  _printf_percent.o ABSOLUTE
    ../clib/signal.c                         0x00000000   Number         0  defsig_pvfn_inner.o ABSOLUTE
    ../clib/signal.c                         0x00000000   Number         0  defsig_stak_inner.o ABSOLUTE
    ../clib/signal.c                         0x00000000   Number         0  defsig_rtred_inner.o ABSOLUTE
    ../clib/signal.c                         0x00000000   Number         0  defsig_fpe_inner.o ABSOLUTE
    ../clib/signal.c                         0x00000000   Number         0  defsig_abrt_inner.o ABSOLUTE
    ../clib/signal.c                         0x00000000   Number         0  __raise.o ABSOLUTE
    ../clib/signal.c                         0x00000000   Number         0  defsig_rtmem_inner.o ABSOLUTE
    ../clib/signal.c                         0x00000000   Number         0  defsig_exit.o ABSOLUTE
    ../clib/signal.c                         0x00000000   Number         0  defsig_other.o ABSOLUTE
    ../clib/signal.c                         0x00000000   Number         0  defsig_general.o ABSOLUTE
    ../clib/signal.c                         0x00000000   Number         0  defsig_segv_inner.o ABSOLUTE
    ../clib/signal.c                         0x00000000   Number         0  defsig_rtmem_outer.o ABSOLUTE
    ../clib/signal.c                         0x00000000   Number         0  defsig_cppl_inner.o ABSOLUTE
    ../clib/signal.c                         0x00000000   Number         0  defsig_rtmem_formal.o ABSOLUTE
    ../clib/signal.s                         0x00000000   Number         0  defsig.o ABSOLUTE
    ../clib/stdio.c                          0x00000000   Number         0  ferror_locked.o ABSOLUTE
    ../clib/stdio.c                          0x00000000   Number         0  ferror.o ABSOLUTE
    ../clib/stdlib.c                         0x00000000   Number         0  exit.o ABSOLUTE
    ../fplib/d2f.s                           0x00000000   Number         0  d2f.o ABSOLUTE
    ../fplib/daddsub.s                       0x00000000   Number         0  daddsub_clz.o ABSOLUTE
    ../fplib/dcmpi.s                         0x00000000   Number         0  dcmpi.o ABSOLUTE
    ../fplib/dflt.s                          0x00000000   Number         0  dflt_clz.o ABSOLUTE
    ../fplib/dleqf.s                         0x00000000   Number         0  dleqf.o ABSOLUTE
    ../fplib/dmul.s                          0x00000000   Number         0  dmul.o ABSOLUTE
    ../fplib/dnaninf.s                       0x00000000   Number         0  dnaninf.o ABSOLUTE
    ../fplib/dretinf.s                       0x00000000   Number         0  dretinf.o ABSOLUTE
    ../fplib/f2d.s                           0x00000000   Number         0  f2d.o ABSOLUTE
    ../fplib/faddsub.s                       0x00000000   Number         0  faddsub_clz.o ABSOLUTE
    ../fplib/fdiv.s                          0x00000000   Number         0  fdiv.o ABSOLUTE
    ../fplib/ffix.s                          0x00000000   Number         0  ffix.o ABSOLUTE
    ../fplib/ffixu.s                         0x00000000   Number         0  ffixu.o ABSOLUTE
    ../fplib/fflt.s                          0x00000000   Number         0  fflt_clz.o ABSOLUTE
    ../fplib/fmul.s                          0x00000000   Number         0  fmul.o ABSOLUTE
    ../fplib/fnaninf.s                       0x00000000   Number         0  fnaninf.o ABSOLUTE
    ../fplib/fpinit.s                        0x00000000   Number         0  fpinit.o ABSOLUTE
    ../fplib/fretinf.s                       0x00000000   Number         0  fretinf.o ABSOLUTE
    ../fplib/usenofp.s                       0x00000000   Number         0  usenofp.o ABSOLUTE
    ..\USER\delay.c                          0x00000000   Number         0  delay_1.o ABSOLUTE
    ..\USER\device_command.c                 0x00000000   Number         0  device_command_1.o ABSOLUTE
    ..\USER\gpio.c                           0x00000000   Number         0  gpio.o ABSOLUTE
    ..\USER\main.c                           0x00000000   Number         0  main_1.o ABSOLUTE
    ..\USER\ringbuffer.c                     0x00000000   Number         0  ringbuffer_1.o ABSOLUTE
    ..\USER\sys.c                            0x00000000   Number         0  sys_1.o ABSOLUTE
    ..\USER\time_out.c                       0x00000000   Number         0  time_out.o ABSOLUTE
    ..\USER\uart.c                           0x00000000   Number         0  uart_1.o ABSOLUTE
    ..\\USER\\delay.c                        0x00000000   Number         0  delay_1.o ABSOLUTE
    ..\\USER\\gpio.c                         0x00000000   Number         0  gpio.o ABSOLUTE
    ..\\USER\\main.c                         0x00000000   Number         0  main_1.o ABSOLUTE
    ..\\USER\\sys.c                          0x00000000   Number         0  sys_1.o ABSOLUTE
    ..\\USER\\time_out.c                     0x00000000   Number         0  time_out.o ABSOLUTE
    ..\\USER\\uart.c                         0x00000000   Number         0  uart_1.o ABSOLUTE
    D:\Keil C\Keil\STM32F1xx_DFP\2.4.0\Device\StdPeriph_Driver\src\misc.c 0x00000000   Number         0  misc.o ABSOLUTE
    D:\Keil C\Keil\STM32F1xx_DFP\2.4.0\Device\StdPeriph_Driver\src\stm32f10x_gpio.c 0x00000000   Number         0  stm32f10x_gpio.o ABSOLUTE
    D:\Keil C\Keil\STM32F1xx_DFP\2.4.0\Device\StdPeriph_Driver\src\stm32f10x_rcc.c 0x00000000   Number         0  stm32f10x_rcc.o ABSOLUTE
    D:\Keil C\Keil\STM32F1xx_DFP\2.4.0\Device\StdPeriph_Driver\src\stm32f10x_tim.c 0x00000000   Number         0  stm32f10x_tim.o ABSOLUTE
    D:\Keil C\Keil\STM32F1xx_DFP\2.4.0\Device\StdPeriph_Driver\src\stm32f10x_usart.c 0x00000000   Number         0  stm32f10x_usart.o ABSOLUTE
    D:\\Keil C\\Keil\\STM32F1xx_DFP\\2.4.0\\Device\\StdPeriph_Driver\\src\\misc.c 0x00000000   Number         0  misc.o ABSOLUTE
    D:\\Keil C\\Keil\\STM32F1xx_DFP\\2.4.0\\Device\\StdPeriph_Driver\\src\\stm32f10x_gpio.c 0x00000000   Number         0  stm32f10x_gpio.o ABSOLUTE
    D:\\Keil C\\Keil\\STM32F1xx_DFP\\2.4.0\\Device\\StdPeriph_Driver\\src\\stm32f10x_rcc.c 0x00000000   Number         0  stm32f10x_rcc.o ABSOLUTE
    D:\\Keil C\\Keil\\STM32F1xx_DFP\\2.4.0\\Device\\StdPeriph_Driver\\src\\stm32f10x_tim.c 0x00000000   Number         0  stm32f10x_tim.o ABSOLUTE
    D:\\Keil C\\Keil\\STM32F1xx_DFP\\2.4.0\\Device\\StdPeriph_Driver\\src\\stm32f10x_usart.c 0x00000000   Number         0  stm32f10x_usart.o ABSOLUTE
    RTE\Device\STM32F103C8\startup_stm32f10x_md.s 0x00000000   Number         0  startup_stm32f10x_md.o ABSOLUTE
    RTE\Device\STM32F103C8\system_stm32f10x.c 0x00000000   Number         0  system_stm32f10x.o ABSOLUTE
    RTE\\Device\\STM32F103C8\\system_stm32f10x.c 0x00000000   Number         0  system_stm32f10x.o ABSOLUTE
    dc.s                                     0x00000000   Number         0  dc.o ABSOLUTE
    RESET                                    0x08000000   Section      236  startup_stm32f10x_md.o(RESET)
    !!!main                                  0x080000ec   Section        8  __main.o(!!!main)
    !!!scatter                               0x080000f4   Section       52  __scatter.o(!!!scatter)
    !!handler_copy                           0x08000128   Section       26  __scatter_copy.o(!!handler_copy)
    !!handler_zi                             0x08000144   Section       28  __scatter_zi.o(!!handler_zi)
    .ARM.Collect$$_printf_percent$$00000000  0x08000160   Section        0  _printf_percent.o(.ARM.Collect$$_printf_percent$$00000000)
    .ARM.Collect$$_printf_percent$$00000009  0x08000160   Section        6  _printf_d.o(.ARM.Collect$$_printf_percent$$00000009)
    .ARM.Collect$$_printf_percent$$00000017  0x08000166   Section        4  _printf_percent_end.o(.ARM.Collect$$_printf_percent$$00000017)
    .ARM.Collect$$libinit$$00000000          0x0800016a   Section        2  libinit.o(.ARM.Collect$$libinit$$00000000)
    .ARM.Collect$$libinit$$00000002          0x0800016c   Section        0  libinit2.o(.ARM.Collect$$libinit$$00000002)
    .ARM.Collect$$libinit$$00000004          0x0800016c   Section        0  libinit2.o(.ARM.Collect$$libinit$$00000004)
    .ARM.Collect$$libinit$$0000000A          0x0800016c   Section        0  libinit2.o(.ARM.Collect$$libinit$$0000000A)
    .ARM.Collect$$libinit$$0000000C          0x0800016c   Section        0  libinit2.o(.ARM.Collect$$libinit$$0000000C)
    .ARM.Collect$$libinit$$0000000E          0x0800016c   Section        0  libinit2.o(.ARM.Collect$$libinit$$0000000E)
    .ARM.Collect$$libinit$$00000011          0x0800016c   Section        0  libinit2.o(.ARM.Collect$$libinit$$00000011)
    .ARM.Collect$$libinit$$00000013          0x0800016c   Section        0  libinit2.o(.ARM.Collect$$libinit$$00000013)
    .ARM.Collect$$libinit$$00000015          0x0800016c   Section        0  libinit2.o(.ARM.Collect$$libinit$$00000015)
    .ARM.Collect$$libinit$$00000017          0x0800016c   Section        0  libinit2.o(.ARM.Collect$$libinit$$00000017)
    .ARM.Collect$$libinit$$00000019          0x0800016c   Section        0  libinit2.o(.ARM.Collect$$libinit$$00000019)
    .ARM.Collect$$libinit$$0000001B          0x0800016c   Section        0  libinit2.o(.ARM.Collect$$libinit$$0000001B)
    .ARM.Collect$$libinit$$0000001D          0x0800016c   Section        0  libinit2.o(.ARM.Collect$$libinit$$0000001D)
    .ARM.Collect$$libinit$$0000001F          0x0800016c   Section        0  libinit2.o(.ARM.Collect$$libinit$$0000001F)
    .ARM.Collect$$libinit$$00000021          0x0800016c   Section        0  libinit2.o(.ARM.Collect$$libinit$$00000021)
    .ARM.Collect$$libinit$$00000023          0x0800016c   Section        0  libinit2.o(.ARM.Collect$$libinit$$00000023)
    .ARM.Collect$$libinit$$00000025          0x0800016c   Section        0  libinit2.o(.ARM.Collect$$libinit$$00000025)
    .ARM.Collect$$libinit$$0000002C          0x0800016c   Section        0  libinit2.o(.ARM.Collect$$libinit$$0000002C)
    .ARM.Collect$$libinit$$0000002E          0x0800016c   Section        0  libinit2.o(.ARM.Collect$$libinit$$0000002E)
    .ARM.Collect$$libinit$$00000030          0x0800016c   Section        0  libinit2.o(.ARM.Collect$$libinit$$00000030)
    .ARM.Collect$$libinit$$00000032          0x0800016c   Section        0  libinit2.o(.ARM.Collect$$libinit$$00000032)
    .ARM.Collect$$libinit$$00000033          0x0800016c   Section        2  libinit2.o(.ARM.Collect$$libinit$$00000033)
    .ARM.Collect$$libshutdown$$00000000      0x0800016e   Section        2  libshutdown.o(.ARM.Collect$$libshutdown$$00000000)
    .ARM.Collect$$libshutdown$$00000002      0x08000170   Section        0  libshutdown2.o(.ARM.Collect$$libshutdown$$00000002)
    .ARM.Collect$$libshutdown$$00000004      0x08000170   Section        0  libshutdown2.o(.ARM.Collect$$libshutdown$$00000004)
    .ARM.Collect$$libshutdown$$00000007      0x08000170   Section        0  libshutdown2.o(.ARM.Collect$$libshutdown$$00000007)
    .ARM.Collect$$libshutdown$$0000000A      0x08000170   Section        0  libshutdown2.o(.ARM.Collect$$libshutdown$$0000000A)
    .ARM.Collect$$libshutdown$$0000000C      0x08000170   Section        0  libshutdown2.o(.ARM.Collect$$libshutdown$$0000000C)
    .ARM.Collect$$libshutdown$$0000000F      0x08000170   Section        0  libshutdown2.o(.ARM.Collect$$libshutdown$$0000000F)
    .ARM.Collect$$libshutdown$$00000010      0x08000170   Section        2  libshutdown2.o(.ARM.Collect$$libshutdown$$00000010)
    .ARM.Collect$$rtentry$$00000000          0x08000172   Section        0  __rtentry.o(.ARM.Collect$$rtentry$$00000000)
    .ARM.Collect$$rtentry$$00000002          0x08000172   Section        0  __rtentry2.o(.ARM.Collect$$rtentry$$00000002)
    .ARM.Collect$$rtentry$$00000004          0x08000172   Section        6  __rtentry4.o(.ARM.Collect$$rtentry$$00000004)
    .ARM.Collect$$rtentry$$00000009          0x08000178   Section        0  __rtentry2.o(.ARM.Collect$$rtentry$$00000009)
    .ARM.Collect$$rtentry$$0000000A          0x08000178   Section        4  __rtentry2.o(.ARM.Collect$$rtentry$$0000000A)
    .ARM.Collect$$rtentry$$0000000C          0x0800017c   Section        0  __rtentry2.o(.ARM.Collect$$rtentry$$0000000C)
    .ARM.Collect$$rtentry$$0000000D          0x0800017c   Section        8  __rtentry2.o(.ARM.Collect$$rtentry$$0000000D)
    .ARM.Collect$$rtexit$$00000000           0x08000184   Section        2  rtexit.o(.ARM.Collect$$rtexit$$00000000)
    .ARM.Collect$$rtexit$$00000002           0x08000186   Section        0  rtexit2.o(.ARM.Collect$$rtexit$$00000002)
    .ARM.Collect$$rtexit$$00000003           0x08000186   Section        4  rtexit2.o(.ARM.Collect$$rtexit$$00000003)
    .ARM.Collect$$rtexit$$00000004           0x0800018a   Section        6  rtexit2.o(.ARM.Collect$$rtexit$$00000004)
    .text                                    0x08000190   Section       64  startup_stm32f10x_md.o(.text)
    .text                                    0x080001d0   Section        0  noretval__2printf.o(.text)
    .text                                    0x080001e8   Section        0  __printf.o(.text)
    .text                                    0x08000250   Section        0  _printf_dec.o(.text)
    .text                                    0x080002c8   Section        0  heapauxi.o(.text)
    .text                                    0x080002ce   Section        0  _printf_intcommon.o(.text)
    .text                                    0x08000380   Section        0  _printf_char_file.o(.text)
    .text                                    0x080003a4   Section        0  _printf_char_common.o(.text)
    _printf_input_char                       0x080003a5   Thumb Code    10  _printf_char_common.o(.text)
    .text                                    0x080003d4   Section        0  ferror.o(.text)
    .text                                    0x080003dc   Section       74  sys_stackheap_outer.o(.text)
    .text                                    0x08000426   Section        0  exit.o(.text)
    .text                                    0x08000438   Section        8  libspace.o(.text)
    .text                                    0x08000440   Section        0  sys_exit.o(.text)
    .text                                    0x0800044c   Section        2  use_no_semi.o(.text)
    .text                                    0x0800044e   Section        0  indicate_semi.o(.text)
    i.Config_GPIO_USART                      0x08000450   Section        0  uart_1.o(i.Config_GPIO_USART)
    Config_GPIO_USART                        0x08000451   Thumb Code    44  uart_1.o(i.Config_GPIO_USART)
    i.Fn_GPIO_Init                           0x08000480   Section        0  gpio.o(i.Fn_GPIO_Init)
    i.Fn_SET_GPIO_OFF                        0x0800048c   Section        0  gpio.o(i.Fn_SET_GPIO_OFF)
    i.Fn_SET_GPIO_ON                         0x080004f4   Section        0  gpio.o(i.Fn_SET_GPIO_ON)
    i.Fn_Sys_Init                            0x0800055c   Section        0  sys_1.o(i.Fn_Sys_Init)
    i.Fn_Sys_Run                             0x08000594   Section        0  sys_1.o(i.Fn_Sys_Run)
    i.Fn_TIM2_Timeout_Flag                   0x0800059c   Section        0  time_out.o(i.Fn_TIM2_Timeout_Flag)
    i.Fn_TIM2_Timeout_Init                   0x080005b0   Section        0  time_out.o(i.Fn_TIM2_Timeout_Init)
    i.Fn_TIM2_Timeout_SetValue               0x0800061c   Section        0  time_out.o(i.Fn_TIM2_Timeout_SetValue)
    i.Fn_name_the_gate                       0x08000628   Section        0  sys_1.o(i.Fn_name_the_gate)
    Fn_name_the_gate                         0x08000629   Thumb Code   166  sys_1.o(i.Fn_name_the_gate)
    i.Fn_scan_port                           0x08000708   Section        0  sys_1.o(i.Fn_scan_port)
    Fn_scan_port                             0x08000709   Thumb Code    92  sys_1.o(i.Fn_scan_port)
    i.GET_GPIO_PORT_Init                     0x08000788   Section        0  gpio.o(i.GET_GPIO_PORT_Init)
    GET_GPIO_PORT_Init                       0x08000789   Thumb Code    54  gpio.o(i.GET_GPIO_PORT_Init)
    i.GPIO_Init                              0x080007c8   Section        0  stm32f10x_gpio.o(i.GPIO_Init)
    i.GPIO_PinRemapConfig                    0x080008e0   Section        0  stm32f10x_gpio.o(i.GPIO_PinRemapConfig)
    i.GPIO_ReadInputDataBit                  0x08000970   Section        0  stm32f10x_gpio.o(i.GPIO_ReadInputDataBit)
    i.GPIO_ResetBits                         0x08000982   Section        0  stm32f10x_gpio.o(i.GPIO_ResetBits)
    i.GPIO_SetBits                           0x08000986   Section        0  stm32f10x_gpio.o(i.GPIO_SetBits)
    i.INIT_UART_1                            0x0800098c   Section        0  uart_1.o(i.INIT_UART_1)
    i.INIT_UART_2                            0x08000a04   Section        0  uart_1.o(i.INIT_UART_2)
    i.RCC_APB1PeriphClockCmd                 0x08000a94   Section        0  stm32f10x_rcc.o(i.RCC_APB1PeriphClockCmd)
    i.RCC_APB2PeriphClockCmd                 0x08000ab4   Section        0  stm32f10x_rcc.o(i.RCC_APB2PeriphClockCmd)
    i.SET_GPIO_PORT_Init                     0x08000ad4   Section        0  gpio.o(i.SET_GPIO_PORT_Init)
    SET_GPIO_PORT_Init                       0x08000ad5   Thumb Code    80  gpio.o(i.SET_GPIO_PORT_Init)
    i.SetSysClock                            0x08000b30   Section        0  system_stm32f10x.o(i.SetSysClock)
    SetSysClock                              0x08000b31   Thumb Code     8  system_stm32f10x.o(i.SetSysClock)
    i.SetSysClockTo72                        0x08000b38   Section        0  system_stm32f10x.o(i.SetSysClockTo72)
    SetSysClockTo72                          0x08000b39   Thumb Code   214  system_stm32f10x.o(i.SetSysClockTo72)
    i.SystemInit                             0x08000c18   Section        0  system_stm32f10x.o(i.SystemInit)
    i.TIM2_IRQHandler                        0x08000c78   Section        0  time_out.o(i.TIM2_IRQHandler)
    i.TIM_ClearFlag                          0x08000cb0   Section        0  stm32f10x_tim.o(i.TIM_ClearFlag)
    i.TIM_ClearITPendingBit                  0x08000cb6   Section        0  stm32f10x_tim.o(i.TIM_ClearITPendingBit)
    i.TIM_Cmd                                0x08000cbc   Section        0  stm32f10x_tim.o(i.TIM_Cmd)
    i.TIM_GetITStatus                        0x08000cd4   Section        0  stm32f10x_tim.o(i.TIM_GetITStatus)
    i.TIM_ITConfig                           0x08000cf6   Section        0  stm32f10x_tim.o(i.TIM_ITConfig)
    i.TIM_TimeBaseInit                       0x08000d08   Section        0  stm32f10x_tim.o(i.TIM_TimeBaseInit)
    i.UART1_SendChar                         0x08000dac   Section        0  uart_1.o(i.UART1_SendChar)
    i.UART2_Flag_Receive                     0x08000dc8   Section        0  uart_1.o(i.UART2_Flag_Receive)
    i.UART2_SendChar                         0x08000de4   Section        0  uart_1.o(i.UART2_SendChar)
    i.UART2_SendString                       0x08000e04   Section        0  uart_1.o(i.UART2_SendString)
    i.USART1_IRQHandler                      0x08000e34   Section        0  uart_1.o(i.USART1_IRQHandler)
    i.USART2_IRQHandler                      0x08000e88   Section        0  uart_1.o(i.USART2_IRQHandler)
    i.USART3_IRQHandler                      0x08000ec8   Section        0  uart_1.o(i.USART3_IRQHandler)
    i.USART_ClearITPendingBit                0x08000f1c   Section        0  stm32f10x_usart.o(i.USART_ClearITPendingBit)
    i.USART_ReceiveData                      0x08000f3a   Section        0  stm32f10x_usart.o(i.USART_ReceiveData)
    i.__NVIC_EnableIRQ                       0x08000f44   Section        0  uart_1.o(i.__NVIC_EnableIRQ)
    __NVIC_EnableIRQ                         0x08000f45   Thumb Code    26  uart_1.o(i.__NVIC_EnableIRQ)
    i.checksum                               0x08000f60   Section        0  device_command_1.o(i.checksum)
    checksum                                 0x08000f61   Thumb Code    56  device_command_1.o(i.checksum)
    i.comm_create_command                    0x08000f9c   Section        0  device_command_1.o(i.comm_create_command)
    i.comm_detect_command                    0x0800114c   Section        0  device_command_1.o(i.comm_detect_command)
    i.conver_floatTostr                      0x08001228   Section        0  device_command_1.o(i.conver_floatTostr)
    conver_floatTostr                        0x08001229   Thumb Code   186  device_command_1.o(i.conver_floatTostr)
    i.conver_strTofloat                      0x080012f8   Section        0  device_command_1.o(i.conver_strTofloat)
    conver_strTofloat                        0x080012f9   Thumb Code   192  device_command_1.o(i.conver_strTofloat)
    i.conver_unsigned_intTostr               0x080013c4   Section        0  device_command_1.o(i.conver_unsigned_intTostr)
    conver_unsigned_intTostr                 0x080013c5   Thumb Code    98  device_command_1.o(i.conver_unsigned_intTostr)
    i.conver_unsigned_strToint               0x0800142c   Section        0  device_command_1.o(i.conver_unsigned_strToint)
    conver_unsigned_strToint                 0x0800142d   Thumb Code    44  device_command_1.o(i.conver_unsigned_strToint)
    i.fputc                                  0x0800145c   Section        0  uart_1.o(i.fputc)
    i.main                                   0x0800146c   Section        0  main_1.o(i.main)
    i.ringbuffer_empty                       0x08001478   Section        0  ringbuffer_1.o(i.ringbuffer_empty)
    ringbuffer_empty                         0x08001479   Thumb Code    18  ringbuffer_1.o(i.ringbuffer_empty)
    i.ringbuffer_full                        0x0800148a   Section        0  ringbuffer_1.o(i.ringbuffer_full)
    ringbuffer_full                          0x0800148b   Thumb Code    30  ringbuffer_1.o(i.ringbuffer_full)
    i.ringbuffer_get_arr                     0x080014a8   Section        0  ringbuffer_1.o(i.ringbuffer_get_arr)
    i.ringbuffer_get_head                    0x08001594   Section        0  ringbuffer_1.o(i.ringbuffer_get_head)
    i.ringbuffer_get_tail                    0x0800159a   Section        0  ringbuffer_1.o(i.ringbuffer_get_tail)
    i.ringbuffer_increase_head               0x080015a0   Section        0  ringbuffer_1.o(i.ringbuffer_increase_head)
    ringbuffer_increase_head                 0x080015a1   Thumb Code    18  ringbuffer_1.o(i.ringbuffer_increase_head)
    i.ringbuffer_increase_tail               0x080015b2   Section        0  ringbuffer_1.o(i.ringbuffer_increase_tail)
    ringbuffer_increase_tail                 0x080015b3   Thumb Code    18  ringbuffer_1.o(i.ringbuffer_increase_tail)
    i.ringbuffer_init                        0x080015c4   Section        0  ringbuffer_1.o(i.ringbuffer_init)
    i.ringbuffer_pop                         0x080015dc   Section        0  ringbuffer_1.o(i.ringbuffer_pop)
    i.ringbuffer_push                        0x08001602   Section        0  ringbuffer_1.o(i.ringbuffer_push)
    i.string_cat                             0x08001628   Section        0  device_command_1.o(i.string_cat)
    string_cat                               0x08001629   Thumb Code    30  device_command_1.o(i.string_cat)
    i.string_cmp_len                         0x08001646   Section        0  device_command_1.o(i.string_cmp_len)
    string_cmp_len                           0x08001647   Thumb Code    34  device_command_1.o(i.string_cmp_len)
    i.string_copy                            0x08001668   Section        0  device_command_1.o(i.string_copy)
    string_copy                              0x08001669   Thumb Code    42  device_command_1.o(i.string_copy)
    i.string_crc                             0x08001694   Section        0  device_command_1.o(i.string_crc)
    string_crc                               0x08001695   Thumb Code    52  device_command_1.o(i.string_crc)
    i.string_length                          0x080016cc   Section        0  device_command_1.o(i.string_length)
    string_length                            0x080016cd   Thumb Code    18  device_command_1.o(i.string_length)
    i.string_split                           0x080016de   Section        0  device_command_1.o(i.string_split)
    string_split                             0x080016df   Thumb Code   126  device_command_1.o(i.string_split)
    x$fpl$d2f                                0x0800175c   Section       98  d2f.o(x$fpl$d2f)
    x$fpl$dadd                               0x080017c0   Section      336  daddsub_clz.o(x$fpl$dadd)
    _dadd1                                   0x080017d1   Thumb Code     0  daddsub_clz.o(x$fpl$dadd)
    x$fpl$dcmpinf                            0x08001910   Section       24  dcmpi.o(x$fpl$dcmpinf)
    x$fpl$dflt                               0x08001928   Section       46  dflt_clz.o(x$fpl$dflt)
    x$fpl$dleqf                              0x08001958   Section      120  dleqf.o(x$fpl$dleqf)
    x$fpl$dmul                               0x080019d0   Section      340  dmul.o(x$fpl$dmul)
    x$fpl$dnaninf                            0x08001b24   Section      156  dnaninf.o(x$fpl$dnaninf)
    x$fpl$dretinf                            0x08001bc0   Section       12  dretinf.o(x$fpl$dretinf)
    x$fpl$dsub                               0x08001bcc   Section      468  daddsub_clz.o(x$fpl$dsub)
    _dsub1                                   0x08001bdd   Thumb Code     0  daddsub_clz.o(x$fpl$dsub)
    x$fpl$f2d                                0x08001da0   Section       86  f2d.o(x$fpl$f2d)
    x$fpl$fadd                               0x08001df8   Section      196  faddsub_clz.o(x$fpl$fadd)
    _fadd1                                   0x08001e07   Thumb Code     0  faddsub_clz.o(x$fpl$fadd)
    x$fpl$fdiv                               0x08001ebc   Section      388  fdiv.o(x$fpl$fdiv)
    _fdiv1                                   0x08001ebd   Thumb Code     0  fdiv.o(x$fpl$fdiv)
    x$fpl$ffix                               0x08002040   Section       54  ffix.o(x$fpl$ffix)
    x$fpl$ffixu                              0x08002078   Section       62  ffixu.o(x$fpl$ffixu)
    x$fpl$fflt                               0x080020b8   Section       48  fflt_clz.o(x$fpl$fflt)
    x$fpl$ffltu                              0x080020e8   Section       38  fflt_clz.o(x$fpl$ffltu)
    x$fpl$fmul                               0x08002110   Section      258  fmul.o(x$fpl$fmul)
    x$fpl$fnaninf                            0x08002212   Section      140  fnaninf.o(x$fpl$fnaninf)
    x$fpl$fretinf                            0x0800229e   Section       10  fretinf.o(x$fpl$fretinf)
    x$fpl$frsb                               0x080022a8   Section       20  faddsub_clz.o(x$fpl$frsb)
    x$fpl$fsub                               0x080022bc   Section      234  faddsub_clz.o(x$fpl$fsub)
    _fsub1                                   0x080022cb   Thumb Code     0  faddsub_clz.o(x$fpl$fsub)
    x$fpl$usenofp                            0x080023a6   Section        0  usenofp.o(x$fpl$usenofp)
    .data                                    0x20000000   Section        9  device_command_1.o(.data)
    tempdata                                 0x20000000   Data           4  device_command_1.o(.data)
    tempdata                                 0x20000004   Data           4  device_command_1.o(.data)
    tempcrc                                  0x20000008   Data           1  device_command_1.o(.data)
    .data                                    0x2000000a   Section       18  sys_1.o(.data)
    .data                                    0x2000001c   Section       12  uart_1.o(.data)
    .data                                    0x20000028   Section        1  time_out.o(.data)
    .data                                    0x2000002c   Section       20  system_stm32f10x.o(.data)
    .bss                                     0x20000040   Section       40  device_command_1.o(.bss)
    arr                                      0x20000040   Data          20  device_command_1.o(.bss)
    arr                                      0x20000054   Data          20  device_command_1.o(.bss)
    .bss                                     0x20000068   Section      100  sys_1.o(.bss)
    Temp_data_get_arr                        0x20000068   Data         100  sys_1.o(.bss)
    .bss                                     0x200000cc   Section       76  uart_1.o(.bss)
    .bss                                     0x20000118   Section       96  libspace.o(.bss)
    HEAP                                     0x20000178   Section      512  startup_stm32f10x_md.o(HEAP)
    Heap_Mem                                 0x20000178   Data         512  startup_stm32f10x_md.o(HEAP)
    STACK                                    0x20000378   Section     1024  startup_stm32f10x_md.o(STACK)
    Stack_Mem                                0x20000378   Data        1024  startup_stm32f10x_md.o(STACK)
    __initial_sp                             0x20000778   Data           0  startup_stm32f10x_md.o(STACK)

    Global Symbols

    Symbol Name                              Value     Ov Type        Size  Object(Section)

    BuildAttributes$$THM_ISAv4$P$D$K$B$S$PE$A:L22UL41UL21$X:L11$S22US41US21$IEEE1$IW$USESV6$~STKCKD$USESV7$~SHL$OSPACE$ROPI$EBA8$UX$STANDARDLIB$REQ8$PRES8$EABIv2 0x00000000   Number         0  anon$$obj.o ABSOLUTE
    __ARM_use_no_argv                        0x00000000   Number         0  main_1.o ABSOLUTE
    __ARM_exceptions_init                     - Undefined Weak Reference
    __alloca_initialize                       - Undefined Weak Reference
    __arm_preinit_                            - Undefined Weak Reference
    __cpp_initialize__aeabi_                  - Undefined Weak Reference
    __cxa_finalize                            - Undefined Weak Reference
    __rt_locale                               - Undefined Weak Reference
    __sigvec_lookup                           - Undefined Weak Reference
    _atexit_init                              - Undefined Weak Reference
    _call_atexit_fns                          - Undefined Weak Reference
    _clock_init                               - Undefined Weak Reference
    _fp_trap_init                             - Undefined Weak Reference
    _fp_trap_shutdown                         - Undefined Weak Reference
    _get_lc_collate                           - Undefined Weak Reference
    _get_lc_ctype                             - Undefined Weak Reference
    _get_lc_monetary                          - Undefined Weak Reference
    _get_lc_numeric                           - Undefined Weak Reference
    _get_lc_time                              - Undefined Weak Reference
    _getenv_init                              - Undefined Weak Reference
    _handle_redirection                       - Undefined Weak Reference
    _init_alloc                               - Undefined Weak Reference
    _init_user_alloc                          - Undefined Weak Reference
    _initio                                   - Undefined Weak Reference
    _mutex_acquire                            - Undefined Weak Reference
    _mutex_release                            - Undefined Weak Reference
    _printf_post_padding                      - Undefined Weak Reference
    _printf_pre_padding                       - Undefined Weak Reference
    _printf_truncate_signed                   - Undefined Weak Reference
    _printf_truncate_unsigned                 - Undefined Weak Reference
    _rand_init                                - Undefined Weak Reference
    _signal_finish                            - Undefined Weak Reference
    _signal_init                              - Undefined Weak Reference
    _terminate_alloc                          - Undefined Weak Reference
    _terminate_user_alloc                     - Undefined Weak Reference
    _terminateio                              - Undefined Weak Reference
    __Vectors_Size                           0x000000ec   Number         0  startup_stm32f10x_md.o ABSOLUTE
    __Vectors                                0x08000000   Data           4  startup_stm32f10x_md.o(RESET)
    __Vectors_End                            0x080000ec   Data           0  startup_stm32f10x_md.o(RESET)
    __main                                   0x080000ed   Thumb Code     8  __main.o(!!!main)
    __scatterload                            0x080000f5   Thumb Code     0  __scatter.o(!!!scatter)
    __scatterload_rt2                        0x080000f5   Thumb Code    44  __scatter.o(!!!scatter)
    __scatterload_rt2_thumb_only             0x080000f5   Thumb Code     0  __scatter.o(!!!scatter)
    __scatterload_null                       0x08000103   Thumb Code     0  __scatter.o(!!!scatter)
    __scatterload_copy                       0x08000129   Thumb Code    26  __scatter_copy.o(!!handler_copy)
    __scatterload_zeroinit                   0x08000145   Thumb Code    28  __scatter_zi.o(!!handler_zi)
    _printf_d                                0x08000161   Thumb Code     0  _printf_d.o(.ARM.Collect$$_printf_percent$$00000009)
    _printf_percent                          0x08000161   Thumb Code     0  _printf_percent.o(.ARM.Collect$$_printf_percent$$00000000)
    _printf_percent_end                      0x08000167   Thumb Code     0  _printf_percent_end.o(.ARM.Collect$$_printf_percent$$00000017)
    __rt_lib_init                            0x0800016b   Thumb Code     0  libinit.o(.ARM.Collect$$libinit$$00000000)
    __rt_lib_init_alloca_1                   0x0800016d   Thumb Code     0  libinit2.o(.ARM.Collect$$libinit$$0000002E)
    __rt_lib_init_argv_1                     0x0800016d   Thumb Code     0  libinit2.o(.ARM.Collect$$libinit$$0000002C)
    __rt_lib_init_atexit_1                   0x0800016d   Thumb Code     0  libinit2.o(.ARM.Collect$$libinit$$0000001B)
    __rt_lib_init_clock_1                    0x0800016d   Thumb Code     0  libinit2.o(.ARM.Collect$$libinit$$00000021)
    __rt_lib_init_cpp_1                      0x0800016d   Thumb Code     0  libinit2.o(.ARM.Collect$$libinit$$00000032)
    __rt_lib_init_exceptions_1               0x0800016d   Thumb Code     0  libinit2.o(.ARM.Collect$$libinit$$00000030)
    __rt_lib_init_fp_1                       0x0800016d   Thumb Code     0  libinit2.o(.ARM.Collect$$libinit$$00000002)
    __rt_lib_init_fp_trap_1                  0x0800016d   Thumb Code     0  libinit2.o(.ARM.Collect$$libinit$$0000001F)
    __rt_lib_init_getenv_1                   0x0800016d   Thumb Code     0  libinit2.o(.ARM.Collect$$libinit$$00000023)
    __rt_lib_init_heap_1                     0x0800016d   Thumb Code     0  libinit2.o(.ARM.Collect$$libinit$$0000000A)
    __rt_lib_init_lc_collate_1               0x0800016d   Thumb Code     0  libinit2.o(.ARM.Collect$$libinit$$00000011)
    __rt_lib_init_lc_ctype_1                 0x0800016d   Thumb Code     0  libinit2.o(.ARM.Collect$$libinit$$00000013)
    __rt_lib_init_lc_monetary_1              0x0800016d   Thumb Code     0  libinit2.o(.ARM.Collect$$libinit$$00000015)
    __rt_lib_init_lc_numeric_1               0x0800016d   Thumb Code     0  libinit2.o(.ARM.Collect$$libinit$$00000017)
    __rt_lib_init_lc_time_1                  0x0800016d   Thumb Code     0  libinit2.o(.ARM.Collect$$libinit$$00000019)
    __rt_lib_init_preinit_1                  0x0800016d   Thumb Code     0  libinit2.o(.ARM.Collect$$libinit$$00000004)
    __rt_lib_init_rand_1                     0x0800016d   Thumb Code     0  libinit2.o(.ARM.Collect$$libinit$$0000000E)
    __rt_lib_init_return                     0x0800016d   Thumb Code     0  libinit2.o(.ARM.Collect$$libinit$$00000033)
    __rt_lib_init_signal_1                   0x0800016d   Thumb Code     0  libinit2.o(.ARM.Collect$$libinit$$0000001D)
    __rt_lib_init_stdio_1                    0x0800016d   Thumb Code     0  libinit2.o(.ARM.Collect$$libinit$$00000025)
    __rt_lib_init_user_alloc_1               0x0800016d   Thumb Code     0  libinit2.o(.ARM.Collect$$libinit$$0000000C)
    __rt_lib_shutdown                        0x0800016f   Thumb Code     0  libshutdown.o(.ARM.Collect$$libshutdown$$00000000)
    __rt_lib_shutdown_cpp_1                  0x08000171   Thumb Code     0  libshutdown2.o(.ARM.Collect$$libshutdown$$00000002)
    __rt_lib_shutdown_fp_trap_1              0x08000171   Thumb Code     0  libshutdown2.o(.ARM.Collect$$libshutdown$$00000007)
    __rt_lib_shutdown_heap_1                 0x08000171   Thumb Code     0  libshutdown2.o(.ARM.Collect$$libshutdown$$0000000F)
    __rt_lib_shutdown_return                 0x08000171   Thumb Code     0  libshutdown2.o(.ARM.Collect$$libshutdown$$00000010)
    __rt_lib_shutdown_signal_1               0x08000171   Thumb Code     0  libshutdown2.o(.ARM.Collect$$libshutdown$$0000000A)
    __rt_lib_shutdown_stdio_1                0x08000171   Thumb Code     0  libshutdown2.o(.ARM.Collect$$libshutdown$$00000004)
    __rt_lib_shutdown_user_alloc_1           0x08000171   Thumb Code     0  libshutdown2.o(.ARM.Collect$$libshutdown$$0000000C)
    __rt_entry                               0x08000173   Thumb Code     0  __rtentry.o(.ARM.Collect$$rtentry$$00000000)
    __rt_entry_presh_1                       0x08000173   Thumb Code     0  __rtentry2.o(.ARM.Collect$$rtentry$$00000002)
    __rt_entry_sh                            0x08000173   Thumb Code     0  __rtentry4.o(.ARM.Collect$$rtentry$$00000004)
    __rt_entry_li                            0x08000179   Thumb Code     0  __rtentry2.o(.ARM.Collect$$rtentry$$0000000A)
    __rt_entry_postsh_1                      0x08000179   Thumb Code     0  __rtentry2.o(.ARM.Collect$$rtentry$$00000009)
    __rt_entry_main                          0x0800017d   Thumb Code     0  __rtentry2.o(.ARM.Collect$$rtentry$$0000000D)
    __rt_entry_postli_1                      0x0800017d   Thumb Code     0  __rtentry2.o(.ARM.Collect$$rtentry$$0000000C)
    __rt_exit                                0x08000185   Thumb Code     0  rtexit.o(.ARM.Collect$$rtexit$$00000000)
    __rt_exit_ls                             0x08000187   Thumb Code     0  rtexit2.o(.ARM.Collect$$rtexit$$00000003)
    __rt_exit_prels_1                        0x08000187   Thumb Code     0  rtexit2.o(.ARM.Collect$$rtexit$$00000002)
    __rt_exit_exit                           0x0800018b   Thumb Code     0  rtexit2.o(.ARM.Collect$$rtexit$$00000004)
    Reset_Handler                            0x08000191   Thumb Code     8  startup_stm32f10x_md.o(.text)
    NMI_Handler                              0x08000199   Thumb Code     2  startup_stm32f10x_md.o(.text)
    HardFault_Handler                        0x0800019b   Thumb Code     2  startup_stm32f10x_md.o(.text)
    MemManage_Handler                        0x0800019d   Thumb Code     2  startup_stm32f10x_md.o(.text)
    BusFault_Handler                         0x0800019f   Thumb Code     2  startup_stm32f10x_md.o(.text)
    UsageFault_Handler                       0x080001a1   Thumb Code     2  startup_stm32f10x_md.o(.text)
    SVC_Handler                              0x080001a3   Thumb Code     2  startup_stm32f10x_md.o(.text)
    DebugMon_Handler                         0x080001a5   Thumb Code     2  startup_stm32f10x_md.o(.text)
    PendSV_Handler                           0x080001a7   Thumb Code     2  startup_stm32f10x_md.o(.text)
    SysTick_Handler                          0x080001a9   Thumb Code     2  startup_stm32f10x_md.o(.text)
    ADC1_2_IRQHandler                        0x080001ab   Thumb Code     0  startup_stm32f10x_md.o(.text)
    CAN1_RX1_IRQHandler                      0x080001ab   Thumb Code     0  startup_stm32f10x_md.o(.text)
    CAN1_SCE_IRQHandler                      0x080001ab   Thumb Code     0  startup_stm32f10x_md.o(.text)
    DMA1_Channel1_IRQHandler                 0x080001ab   Thumb Code     0  startup_stm32f10x_md.o(.text)
    DMA1_Channel2_IRQHandler                 0x080001ab   Thumb Code     0  startup_stm32f10x_md.o(.text)
    DMA1_Channel3_IRQHandler                 0x080001ab   Thumb Code     0  startup_stm32f10x_md.o(.text)
    DMA1_Channel4_IRQHandler                 0x080001ab   Thumb Code     0  startup_stm32f10x_md.o(.text)
    DMA1_Channel5_IRQHandler                 0x080001ab   Thumb Code     0  startup_stm32f10x_md.o(.text)
    DMA1_Channel6_IRQHandler                 0x080001ab   Thumb Code     0  startup_stm32f10x_md.o(.text)
    DMA1_Channel7_IRQHandler                 0x080001ab   Thumb Code     0  startup_stm32f10x_md.o(.text)
    EXTI0_IRQHandler                         0x080001ab   Thumb Code     0  startup_stm32f10x_md.o(.text)
    EXTI15_10_IRQHandler                     0x080001ab   Thumb Code     0  startup_stm32f10x_md.o(.text)
    EXTI1_IRQHandler                         0x080001ab   Thumb Code     0  startup_stm32f10x_md.o(.text)
    EXTI2_IRQHandler                         0x080001ab   Thumb Code     0  startup_stm32f10x_md.o(.text)
    EXTI3_IRQHandler                         0x080001ab   Thumb Code     0  startup_stm32f10x_md.o(.text)
    EXTI4_IRQHandler                         0x080001ab   Thumb Code     0  startup_stm32f10x_md.o(.text)
    EXTI9_5_IRQHandler                       0x080001ab   Thumb Code     0  startup_stm32f10x_md.o(.text)
    FLASH_IRQHandler                         0x080001ab   Thumb Code     0  startup_stm32f10x_md.o(.text)
    I2C1_ER_IRQHandler                       0x080001ab   Thumb Code     0  startup_stm32f10x_md.o(.text)
    I2C1_EV_IRQHandler                       0x080001ab   Thumb Code     0  startup_stm32f10x_md.o(.text)
    I2C2_ER_IRQHandler                       0x080001ab   Thumb Code     0  startup_stm32f10x_md.o(.text)
    I2C2_EV_IRQHandler                       0x080001ab   Thumb Code     0  startup_stm32f10x_md.o(.text)
    PVD_IRQHandler                           0x080001ab   Thumb Code     0  startup_stm32f10x_md.o(.text)
    RCC_IRQHandler                           0x080001ab   Thumb Code     0  startup_stm32f10x_md.o(.text)
    RTCAlarm_IRQHandler                      0x080001ab   Thumb Code     0  startup_stm32f10x_md.o(.text)
    RTC_IRQHandler                           0x080001ab   Thumb Code     0  startup_stm32f10x_md.o(.text)
    SPI1_IRQHandler                          0x080001ab   Thumb Code     0  startup_stm32f10x_md.o(.text)
    SPI2_IRQHandler                          0x080001ab   Thumb Code     0  startup_stm32f10x_md.o(.text)
    TAMPER_IRQHandler                        0x080001ab   Thumb Code     0  startup_stm32f10x_md.o(.text)
    TIM1_BRK_IRQHandler                      0x080001ab   Thumb Code     0  startup_stm32f10x_md.o(.text)
    TIM1_CC_IRQHandler                       0x080001ab   Thumb Code     0  startup_stm32f10x_md.o(.text)
    TIM1_TRG_COM_IRQHandler                  0x080001ab   Thumb Code     0  startup_stm32f10x_md.o(.text)
    TIM1_UP_IRQHandler                       0x080001ab   Thumb Code     0  startup_stm32f10x_md.o(.text)
    TIM3_IRQHandler                          0x080001ab   Thumb Code     0  startup_stm32f10x_md.o(.text)
    TIM4_IRQHandler                          0x080001ab   Thumb Code     0  startup_stm32f10x_md.o(.text)
    USBWakeUp_IRQHandler                     0x080001ab   Thumb Code     0  startup_stm32f10x_md.o(.text)
    USB_HP_CAN1_TX_IRQHandler                0x080001ab   Thumb Code     0  startup_stm32f10x_md.o(.text)
    USB_LP_CAN1_RX0_IRQHandler               0x080001ab   Thumb Code     0  startup_stm32f10x_md.o(.text)
    WWDG_IRQHandler                          0x080001ab   Thumb Code     0  startup_stm32f10x_md.o(.text)
    __user_initial_stackheap                 0x080001ad   Thumb Code     0  startup_stm32f10x_md.o(.text)
    __2printf                                0x080001d1   Thumb Code    20  noretval__2printf.o(.text)
    __printf                                 0x080001e9   Thumb Code   104  __printf.o(.text)
    _printf_int_dec                          0x08000251   Thumb Code   104  _printf_dec.o(.text)
    __use_two_region_memory                  0x080002c9   Thumb Code     2  heapauxi.o(.text)
    __rt_heap_escrow$2region                 0x080002cb   Thumb Code     2  heapauxi.o(.text)
    __rt_heap_expand$2region                 0x080002cd   Thumb Code     2  heapauxi.o(.text)
    _printf_int_common                       0x080002cf   Thumb Code   178  _printf_intcommon.o(.text)
    _printf_char_file                        0x08000381   Thumb Code    32  _printf_char_file.o(.text)
    _printf_char_common                      0x080003af   Thumb Code    32  _printf_char_common.o(.text)
    ferror                                   0x080003d5   Thumb Code     8  ferror.o(.text)
    __user_setup_stackheap                   0x080003dd   Thumb Code    74  sys_stackheap_outer.o(.text)
    exit                                     0x08000427   Thumb Code    18  exit.o(.text)
    __user_libspace                          0x08000439   Thumb Code     8  libspace.o(.text)
    __user_perproc_libspace                  0x08000439   Thumb Code     0  libspace.o(.text)
    __user_perthread_libspace                0x08000439   Thumb Code     0  libspace.o(.text)
    _sys_exit                                0x08000441   Thumb Code     8  sys_exit.o(.text)
    __I$use$semihosting                      0x0800044d   Thumb Code     0  use_no_semi.o(.text)
    __use_no_semihosting_swi                 0x0800044d   Thumb Code     2  use_no_semi.o(.text)
    __semihosting_library_function           0x0800044f   Thumb Code     0  indicate_semi.o(.text)
    Fn_GPIO_Init                             0x08000481   Thumb Code    12  gpio.o(i.Fn_GPIO_Init)
    Fn_SET_GPIO_OFF                          0x0800048d   Thumb Code    96  gpio.o(i.Fn_SET_GPIO_OFF)
    Fn_SET_GPIO_ON                           0x080004f5   Thumb Code    96  gpio.o(i.Fn_SET_GPIO_ON)
    Fn_Sys_Init                              0x0800055d   Thumb Code    34  sys_1.o(i.Fn_Sys_Init)
    Fn_Sys_Run                               0x08000595   Thumb Code     8  sys_1.o(i.Fn_Sys_Run)
    Fn_TIM2_Timeout_Flag                     0x0800059d   Thumb Code    14  time_out.o(i.Fn_TIM2_Timeout_Flag)
    Fn_TIM2_Timeout_Init                     0x080005b1   Thumb Code   106  time_out.o(i.Fn_TIM2_Timeout_Init)
    Fn_TIM2_Timeout_SetValue                 0x0800061d   Thumb Code     6  time_out.o(i.Fn_TIM2_Timeout_SetValue)
    GPIO_Init                                0x080007c9   Thumb Code   278  stm32f10x_gpio.o(i.GPIO_Init)
    GPIO_PinRemapConfig                      0x080008e1   Thumb Code   138  stm32f10x_gpio.o(i.GPIO_PinRemapConfig)
    GPIO_ReadInputDataBit                    0x08000971   Thumb Code    18  stm32f10x_gpio.o(i.GPIO_ReadInputDataBit)
    GPIO_ResetBits                           0x08000983   Thumb Code     4  stm32f10x_gpio.o(i.GPIO_ResetBits)
    GPIO_SetBits                             0x08000987   Thumb Code     4  stm32f10x_gpio.o(i.GPIO_SetBits)
    INIT_UART_1                              0x0800098d   Thumb Code   102  uart_1.o(i.INIT_UART_1)
    INIT_UART_2                              0x08000a05   Thumb Code   118  uart_1.o(i.INIT_UART_2)
    RCC_APB1PeriphClockCmd                   0x08000a95   Thumb Code    26  stm32f10x_rcc.o(i.RCC_APB1PeriphClockCmd)
    RCC_APB2PeriphClockCmd                   0x08000ab5   Thumb Code    26  stm32f10x_rcc.o(i.RCC_APB2PeriphClockCmd)
    SystemInit                               0x08000c19   Thumb Code    78  system_stm32f10x.o(i.SystemInit)
    TIM2_IRQHandler                          0x08000c79   Thumb Code    50  time_out.o(i.TIM2_IRQHandler)
    TIM_ClearFlag                            0x08000cb1   Thumb Code     6  stm32f10x_tim.o(i.TIM_ClearFlag)
    TIM_ClearITPendingBit                    0x08000cb7   Thumb Code     6  stm32f10x_tim.o(i.TIM_ClearITPendingBit)
    TIM_Cmd                                  0x08000cbd   Thumb Code    24  stm32f10x_tim.o(i.TIM_Cmd)
    TIM_GetITStatus                          0x08000cd5   Thumb Code    34  stm32f10x_tim.o(i.TIM_GetITStatus)
    TIM_ITConfig                             0x08000cf7   Thumb Code    18  stm32f10x_tim.o(i.TIM_ITConfig)
    TIM_TimeBaseInit                         0x08000d09   Thumb Code   122  stm32f10x_tim.o(i.TIM_TimeBaseInit)
    UART1_SendChar                           0x08000dad   Thumb Code    24  uart_1.o(i.UART1_SendChar)
    UART2_Flag_Receive                       0x08000dc9   Thumb Code    22  uart_1.o(i.UART2_Flag_Receive)
    UART2_SendChar                           0x08000de5   Thumb Code    26  uart_1.o(i.UART2_SendChar)
    UART2_SendString                         0x08000e05   Thumb Code    42  uart_1.o(i.UART2_SendString)
    USART1_IRQHandler                        0x08000e35   Thumb Code    66  uart_1.o(i.USART1_IRQHandler)
    USART2_IRQHandler                        0x08000e89   Thumb Code    48  uart_1.o(i.USART2_IRQHandler)
    USART3_IRQHandler                        0x08000ec9   Thumb Code    66  uart_1.o(i.USART3_IRQHandler)
    USART_ClearITPendingBit                  0x08000f1d   Thumb Code    30  stm32f10x_usart.o(i.USART_ClearITPendingBit)
    USART_ReceiveData                        0x08000f3b   Thumb Code    10  stm32f10x_usart.o(i.USART_ReceiveData)
    comm_create_command                      0x08000f9d   Thumb Code   420  device_command_1.o(i.comm_create_command)
    comm_detect_command                      0x0800114d   Thumb Code   212  device_command_1.o(i.comm_detect_command)
    fputc                                    0x0800145d   Thumb Code    16  uart_1.o(i.fputc)
    main                                     0x0800146d   Thumb Code    12  main_1.o(i.main)
    ringbuffer_get_arr                       0x080014a9   Thumb Code   236  ringbuffer_1.o(i.ringbuffer_get_arr)
    ringbuffer_get_head                      0x08001595   Thumb Code     6  ringbuffer_1.o(i.ringbuffer_get_head)
    ringbuffer_get_tail                      0x0800159b   Thumb Code     6  ringbuffer_1.o(i.ringbuffer_get_tail)
    ringbuffer_init                          0x080015c5   Thumb Code    24  ringbuffer_1.o(i.ringbuffer_init)
    ringbuffer_pop                           0x080015dd   Thumb Code    38  ringbuffer_1.o(i.ringbuffer_pop)
    ringbuffer_push                          0x08001603   Thumb Code    38  ringbuffer_1.o(i.ringbuffer_push)
    __aeabi_d2f                              0x0800175d   Thumb Code     0  d2f.o(x$fpl$d2f)
    _d2f                                     0x0800175d   Thumb Code    98  d2f.o(x$fpl$d2f)
    __aeabi_dadd                             0x080017c1   Thumb Code     0  daddsub_clz.o(x$fpl$dadd)
    _dadd                                    0x080017c1   Thumb Code   332  daddsub_clz.o(x$fpl$dadd)
    __fpl_dcmp_Inf                           0x08001911   Thumb Code    24  dcmpi.o(x$fpl$dcmpinf)
    __aeabi_i2d                              0x08001929   Thumb Code     0  dflt_clz.o(x$fpl$dflt)
    _dflt                                    0x08001929   Thumb Code    46  dflt_clz.o(x$fpl$dflt)
    __aeabi_cdcmple                          0x08001959   Thumb Code     0  dleqf.o(x$fpl$dleqf)
    _dcmple                                  0x08001959   Thumb Code   120  dleqf.o(x$fpl$dleqf)
    __fpl_dcmple_InfNaN                      0x080019bb   Thumb Code     0  dleqf.o(x$fpl$dleqf)
    __aeabi_dmul                             0x080019d1   Thumb Code     0  dmul.o(x$fpl$dmul)
    _dmul                                    0x080019d1   Thumb Code   332  dmul.o(x$fpl$dmul)
    __fpl_dnaninf                            0x08001b25   Thumb Code   156  dnaninf.o(x$fpl$dnaninf)
    __fpl_dretinf                            0x08001bc1   Thumb Code    12  dretinf.o(x$fpl$dretinf)
    __aeabi_dsub                             0x08001bcd   Thumb Code     0  daddsub_clz.o(x$fpl$dsub)
    _dsub                                    0x08001bcd   Thumb Code   464  daddsub_clz.o(x$fpl$dsub)
    __aeabi_f2d                              0x08001da1   Thumb Code     0  f2d.o(x$fpl$f2d)
    _f2d                                     0x08001da1   Thumb Code    86  f2d.o(x$fpl$f2d)
    __aeabi_fadd                             0x08001df9   Thumb Code     0  faddsub_clz.o(x$fpl$fadd)
    _fadd                                    0x08001df9   Thumb Code   196  faddsub_clz.o(x$fpl$fadd)
    __aeabi_fdiv                             0x08001ebd   Thumb Code     0  fdiv.o(x$fpl$fdiv)
    _fdiv                                    0x08001ebd   Thumb Code   384  fdiv.o(x$fpl$fdiv)
    __aeabi_f2iz                             0x08002041   Thumb Code     0  ffix.o(x$fpl$ffix)
    _ffix                                    0x08002041   Thumb Code    54  ffix.o(x$fpl$ffix)
    __aeabi_f2uiz                            0x08002079   Thumb Code     0  ffixu.o(x$fpl$ffixu)
    _ffixu                                   0x08002079   Thumb Code    62  ffixu.o(x$fpl$ffixu)
    __aeabi_i2f                              0x080020b9   Thumb Code     0  fflt_clz.o(x$fpl$fflt)
    _fflt                                    0x080020b9   Thumb Code    48  fflt_clz.o(x$fpl$fflt)
    __aeabi_ui2f                             0x080020e9   Thumb Code     0  fflt_clz.o(x$fpl$ffltu)
    _ffltu                                   0x080020e9   Thumb Code    38  fflt_clz.o(x$fpl$ffltu)
    __aeabi_fmul                             0x08002111   Thumb Code     0  fmul.o(x$fpl$fmul)
    _fmul                                    0x08002111   Thumb Code   258  fmul.o(x$fpl$fmul)
    __fpl_fnaninf                            0x08002213   Thumb Code   140  fnaninf.o(x$fpl$fnaninf)
    __fpl_fretinf                            0x0800229f   Thumb Code    10  fretinf.o(x$fpl$fretinf)
    __aeabi_frsub                            0x080022a9   Thumb Code     0  faddsub_clz.o(x$fpl$frsb)
    _frsb                                    0x080022a9   Thumb Code    20  faddsub_clz.o(x$fpl$frsb)
    __aeabi_fsub                             0x080022bd   Thumb Code     0  faddsub_clz.o(x$fpl$fsub)
    _fsub                                    0x080022bd   Thumb Code   234  faddsub_clz.o(x$fpl$fsub)
    __I$use$fp                               0x080023a6   Number         0  usenofp.o(x$fpl$usenofp)
    Region$$Table$$Base                      0x080023a8   Number         0  anon$$obj.o(Region$$Table)
    Region$$Table$$Limit                     0x080023c8   Number         0  anon$$obj.o(Region$$Table)
    Arr_port_plug                            0x2000000a   Data           6  sys_1.o(.data)
    GET_GPIO_PORTB_Arr                       0x20000010   Data          12  sys_1.o(.data)
    Flag1_Receive                            0x2000001c   Data           1  uart_1.o(.data)
    Count1_Data                              0x2000001d   Data           1  uart_1.o(.data)
    Flag2_Receive                            0x2000001e   Data           1  uart_1.o(.data)
    Count2_Data                              0x2000001f   Data           1  uart_1.o(.data)
    Flag3_Receive                            0x20000020   Data           1  uart_1.o(.data)
    Count3_Data                              0x20000021   Data           1  uart_1.o(.data)
    temp_data                                0x20000022   Data           1  uart_1.o(.data)
    __stdout                                 0x20000024   Data           4  uart_1.o(.data)
    _vruc_Flag_TimeOut                       0x20000028   Data           1  time_out.o(.data)
    SystemCoreClock                          0x2000002c   Data           4  system_stm32f10x.o(.data)
    AHBPrescTable                            0x20000030   Data          16  system_stm32f10x.o(.data)
    Array1_Receive                           0x200000cc   Data          20  uart_1.o(.bss)
    Array2_Receive                           0x200000e0   Data          20  uart_1.o(.bss)
    Array3_Receive                           0x200000f4   Data          20  uart_1.o(.bss)
    ringbuffer_Test                          0x20000108   Data          16  uart_1.o(.bss)
    __libspace_start                         0x20000118   Data          96  libspace.o(.bss)
    __temporary_stack_top$libspace           0x20000178   Data           0  libspace.o(.bss)



==============================================================================

Memory Map of the image

  Image Entry point : 0x080000ed

  Load Region LR_IROM1 (Base: 0x08000000, Size: 0x00002408, Max: 0x00010000, ABSOLUTE)

    Execution Region ER_IROM1 (Exec base: 0x08000000, Load base: 0x08000000, Size: 0x000023c8, Max: 0x00010000, ABSOLUTE)

    Exec Addr    Load Addr    Size         Type   Attr      Idx    E Section Name        Object

    0x08000000   0x08000000   0x000000ec   Data   RO         1709    RESET               startup_stm32f10x_md.o
    0x080000ec   0x080000ec   0x00000008   Code   RO         1794  * !!!main             c_w.l(__main.o)
    0x080000f4   0x080000f4   0x00000034   Code   RO         2021    !!!scatter          c_w.l(__scatter.o)
    0x08000128   0x08000128   0x0000001a   Code   RO         2023    !!handler_copy      c_w.l(__scatter_copy.o)
    0x08000142   0x08000142   0x00000002   PAD
    0x08000144   0x08000144   0x0000001c   Code   RO         2025    !!handler_zi        c_w.l(__scatter_zi.o)
    0x08000160   0x08000160   0x00000000   Code   RO         1791    .ARM.Collect$$_printf_percent$$00000000  c_w.l(_printf_percent.o)
    0x08000160   0x08000160   0x00000006   Code   RO         1790    .ARM.Collect$$_printf_percent$$00000009  c_w.l(_printf_d.o)
    0x08000166   0x08000166   0x00000004   Code   RO         1847    .ARM.Collect$$_printf_percent$$00000017  c_w.l(_printf_percent_end.o)
    0x0800016a   0x0800016a   0x00000002   Code   RO         1891    .ARM.Collect$$libinit$$00000000  c_w.l(libinit.o)
    0x0800016c   0x0800016c   0x00000000   Code   RO         1898    .ARM.Collect$$libinit$$00000002  c_w.l(libinit2.o)
    0x0800016c   0x0800016c   0x00000000   Code   RO         1900    .ARM.Collect$$libinit$$00000004  c_w.l(libinit2.o)
    0x0800016c   0x0800016c   0x00000000   Code   RO         1903    .ARM.Collect$$libinit$$0000000A  c_w.l(libinit2.o)
    0x0800016c   0x0800016c   0x00000000   Code   RO         1905    .ARM.Collect$$libinit$$0000000C  c_w.l(libinit2.o)
    0x0800016c   0x0800016c   0x00000000   Code   RO         1907    .ARM.Collect$$libinit$$0000000E  c_w.l(libinit2.o)
    0x0800016c   0x0800016c   0x00000000   Code   RO         1910    .ARM.Collect$$libinit$$00000011  c_w.l(libinit2.o)
    0x0800016c   0x0800016c   0x00000000   Code   RO         1912    .ARM.Collect$$libinit$$00000013  c_w.l(libinit2.o)
    0x0800016c   0x0800016c   0x00000000   Code   RO         1914    .ARM.Collect$$libinit$$00000015  c_w.l(libinit2.o)
    0x0800016c   0x0800016c   0x00000000   Code   RO         1916    .ARM.Collect$$libinit$$00000017  c_w.l(libinit2.o)
    0x0800016c   0x0800016c   0x00000000   Code   RO         1918    .ARM.Collect$$libinit$$00000019  c_w.l(libinit2.o)
    0x0800016c   0x0800016c   0x00000000   Code   RO         1920    .ARM.Collect$$libinit$$0000001B  c_w.l(libinit2.o)
    0x0800016c   0x0800016c   0x00000000   Code   RO         1922    .ARM.Collect$$libinit$$0000001D  c_w.l(libinit2.o)
    0x0800016c   0x0800016c   0x00000000   Code   RO         1924    .ARM.Collect$$libinit$$0000001F  c_w.l(libinit2.o)
    0x0800016c   0x0800016c   0x00000000   Code   RO         1926    .ARM.Collect$$libinit$$00000021  c_w.l(libinit2.o)
    0x0800016c   0x0800016c   0x00000000   Code   RO         1928    .ARM.Collect$$libinit$$00000023  c_w.l(libinit2.o)
    0x0800016c   0x0800016c   0x00000000   Code   RO         1930    .ARM.Collect$$libinit$$00000025  c_w.l(libinit2.o)
    0x0800016c   0x0800016c   0x00000000   Code   RO         1934    .ARM.Collect$$libinit$$0000002C  c_w.l(libinit2.o)
    0x0800016c   0x0800016c   0x00000000   Code   RO         1936    .ARM.Collect$$libinit$$0000002E  c_w.l(libinit2.o)
    0x0800016c   0x0800016c   0x00000000   Code   RO         1938    .ARM.Collect$$libinit$$00000030  c_w.l(libinit2.o)
    0x0800016c   0x0800016c   0x00000000   Code   RO         1940    .ARM.Collect$$libinit$$00000032  c_w.l(libinit2.o)
    0x0800016c   0x0800016c   0x00000002   Code   RO         1941    .ARM.Collect$$libinit$$00000033  c_w.l(libinit2.o)
    0x0800016e   0x0800016e   0x00000002   Code   RO         1961    .ARM.Collect$$libshutdown$$00000000  c_w.l(libshutdown.o)
    0x08000170   0x08000170   0x00000000   Code   RO         1974    .ARM.Collect$$libshutdown$$00000002  c_w.l(libshutdown2.o)
    0x08000170   0x08000170   0x00000000   Code   RO         1976    .ARM.Collect$$libshutdown$$00000004  c_w.l(libshutdown2.o)
    0x08000170   0x08000170   0x00000000   Code   RO         1979    .ARM.Collect$$libshutdown$$00000007  c_w.l(libshutdown2.o)
    0x08000170   0x08000170   0x00000000   Code   RO         1982    .ARM.Collect$$libshutdown$$0000000A  c_w.l(libshutdown2.o)
    0x08000170   0x08000170   0x00000000   Code   RO         1984    .ARM.Collect$$libshutdown$$0000000C  c_w.l(libshutdown2.o)
    0x08000170   0x08000170   0x00000000   Code   RO         1987    .ARM.Collect$$libshutdown$$0000000F  c_w.l(libshutdown2.o)
    0x08000170   0x08000170   0x00000002   Code   RO         1988    .ARM.Collect$$libshutdown$$00000010  c_w.l(libshutdown2.o)
    0x08000172   0x08000172   0x00000000   Code   RO         1842    .ARM.Collect$$rtentry$$00000000  c_w.l(__rtentry.o)
    0x08000172   0x08000172   0x00000000   Code   RO         1860    .ARM.Collect$$rtentry$$00000002  c_w.l(__rtentry2.o)
    0x08000172   0x08000172   0x00000006   Code   RO         1872    .ARM.Collect$$rtentry$$00000004  c_w.l(__rtentry4.o)
    0x08000178   0x08000178   0x00000000   Code   RO         1862    .ARM.Collect$$rtentry$$00000009  c_w.l(__rtentry2.o)
    0x08000178   0x08000178   0x00000004   Code   RO         1863    .ARM.Collect$$rtentry$$0000000A  c_w.l(__rtentry2.o)
    0x0800017c   0x0800017c   0x00000000   Code   RO         1865    .ARM.Collect$$rtentry$$0000000C  c_w.l(__rtentry2.o)
    0x0800017c   0x0800017c   0x00000008   Code   RO         1866    .ARM.Collect$$rtentry$$0000000D  c_w.l(__rtentry2.o)
    0x08000184   0x08000184   0x00000002   Code   RO         1895    .ARM.Collect$$rtexit$$00000000  c_w.l(rtexit.o)
    0x08000186   0x08000186   0x00000000   Code   RO         1943    .ARM.Collect$$rtexit$$00000002  c_w.l(rtexit2.o)
    0x08000186   0x08000186   0x00000004   Code   RO         1944    .ARM.Collect$$rtexit$$00000003  c_w.l(rtexit2.o)
    0x0800018a   0x0800018a   0x00000006   Code   RO         1945    .ARM.Collect$$rtexit$$00000004  c_w.l(rtexit2.o)
    0x08000190   0x08000190   0x00000040   Code   RO         1710    .text               startup_stm32f10x_md.o
    0x080001d0   0x080001d0   0x00000018   Code   RO         1764    .text               c_w.l(noretval__2printf.o)
    0x080001e8   0x080001e8   0x00000068   Code   RO         1766    .text               c_w.l(__printf.o)
    0x08000250   0x08000250   0x00000078   Code   RO         1768    .text               c_w.l(_printf_dec.o)
    0x080002c8   0x080002c8   0x00000006   Code   RO         1792    .text               c_w.l(heapauxi.o)
    0x080002ce   0x080002ce   0x000000b2   Code   RO         1843    .text               c_w.l(_printf_intcommon.o)
    0x08000380   0x08000380   0x00000024   Code   RO         1845    .text               c_w.l(_printf_char_file.o)
    0x080003a4   0x080003a4   0x00000030   Code   RO         1874    .text               c_w.l(_printf_char_common.o)
    0x080003d4   0x080003d4   0x00000008   Code   RO         1876    .text               c_w.l(ferror.o)
    0x080003dc   0x080003dc   0x0000004a   Code   RO         1880    .text               c_w.l(sys_stackheap_outer.o)
    0x08000426   0x08000426   0x00000012   Code   RO         1884    .text               c_w.l(exit.o)
    0x08000438   0x08000438   0x00000008   Code   RO         1892    .text               c_w.l(libspace.o)
    0x08000440   0x08000440   0x0000000c   Code   RO         1953    .text               c_w.l(sys_exit.o)
    0x0800044c   0x0800044c   0x00000002   Code   RO         1964    .text               c_w.l(use_no_semi.o)
    0x0800044e   0x0800044e   0x00000000   Code   RO         1966    .text               c_w.l(indicate_semi.o)
    0x0800044e   0x0800044e   0x00000002   PAD
    0x08000450   0x08000450   0x00000030   Code   RO          331    i.Config_GPIO_USART  uart_1.o
    0x08000480   0x08000480   0x0000000c   Code   RO          477    i.Fn_GPIO_Init      gpio.o
    0x0800048c   0x0800048c   0x00000068   Code   RO          478    i.Fn_SET_GPIO_OFF   gpio.o
    0x080004f4   0x080004f4   0x00000068   Code   RO          479    i.Fn_SET_GPIO_ON    gpio.o
    0x0800055c   0x0800055c   0x00000038   Code   RO          283    i.Fn_Sys_Init       sys_1.o
    0x08000594   0x08000594   0x00000008   Code   RO          284    i.Fn_Sys_Run        sys_1.o
    0x0800059c   0x0800059c   0x00000014   Code   RO          523    i.Fn_TIM2_Timeout_Flag  time_out.o
    0x080005b0   0x080005b0   0x0000006a   Code   RO          524    i.Fn_TIM2_Timeout_Init  time_out.o
    0x0800061a   0x0800061a   0x00000002   PAD
    0x0800061c   0x0800061c   0x0000000c   Code   RO          525    i.Fn_TIM2_Timeout_SetValue  time_out.o
    0x08000628   0x08000628   0x000000e0   Code   RO          285    i.Fn_name_the_gate  sys_1.o
    0x08000708   0x08000708   0x00000080   Code   RO          286    i.Fn_scan_port      sys_1.o
    0x08000788   0x08000788   0x00000040   Code   RO          480    i.GET_GPIO_PORT_Init  gpio.o
    0x080007c8   0x080007c8   0x00000116   Code   RO          626    i.GPIO_Init         stm32f10x_gpio.o
    0x080008de   0x080008de   0x00000002   PAD
    0x080008e0   0x080008e0   0x00000090   Code   RO          628    i.GPIO_PinRemapConfig  stm32f10x_gpio.o
    0x08000970   0x08000970   0x00000012   Code   RO          630    i.GPIO_ReadInputDataBit  stm32f10x_gpio.o
    0x08000982   0x08000982   0x00000004   Code   RO          633    i.GPIO_ResetBits    stm32f10x_gpio.o
    0x08000986   0x08000986   0x00000004   Code   RO          634    i.GPIO_SetBits      stm32f10x_gpio.o
    0x0800098a   0x0800098a   0x00000002   PAD
    0x0800098c   0x0800098c   0x00000078   Code   RO          333    i.INIT_UART_1       uart_1.o
    0x08000a04   0x08000a04   0x00000090   Code   RO          334    i.INIT_UART_2       uart_1.o
    0x08000a94   0x08000a94   0x00000020   Code   RO          748    i.RCC_APB1PeriphClockCmd  stm32f10x_rcc.o
    0x08000ab4   0x08000ab4   0x00000020   Code   RO          750    i.RCC_APB2PeriphClockCmd  stm32f10x_rcc.o
    0x08000ad4   0x08000ad4   0x0000005c   Code   RO          481    i.SET_GPIO_PORT_Init  gpio.o
    0x08000b30   0x08000b30   0x00000008   Code   RO         1717    i.SetSysClock       system_stm32f10x.o
    0x08000b38   0x08000b38   0x000000e0   Code   RO         1718    i.SetSysClockTo72   system_stm32f10x.o
    0x08000c18   0x08000c18   0x00000060   Code   RO         1720    i.SystemInit        system_stm32f10x.o
    0x08000c78   0x08000c78   0x00000038   Code   RO          526    i.TIM2_IRQHandler   time_out.o
    0x08000cb0   0x08000cb0   0x00000006   Code   RO          968    i.TIM_ClearFlag     stm32f10x_tim.o
    0x08000cb6   0x08000cb6   0x00000006   Code   RO          969    i.TIM_ClearITPendingBit  stm32f10x_tim.o
    0x08000cbc   0x08000cbc   0x00000018   Code   RO          974    i.TIM_Cmd           stm32f10x_tim.o
    0x08000cd4   0x08000cd4   0x00000022   Code   RO          995    i.TIM_GetITStatus   stm32f10x_tim.o
    0x08000cf6   0x08000cf6   0x00000012   Code   RO          999    i.TIM_ITConfig      stm32f10x_tim.o
    0x08000d08   0x08000d08   0x000000a4   Code   RO         1045    i.TIM_TimeBaseInit  stm32f10x_tim.o
    0x08000dac   0x08000dac   0x0000001c   Code   RO          337    i.UART1_SendChar    uart_1.o
    0x08000dc8   0x08000dc8   0x0000001c   Code   RO          339    i.UART2_Flag_Receive  uart_1.o
    0x08000de4   0x08000de4   0x00000020   Code   RO          341    i.UART2_SendChar    uart_1.o
    0x08000e04   0x08000e04   0x00000030   Code   RO          342    i.UART2_SendString  uart_1.o
    0x08000e34   0x08000e34   0x00000054   Code   RO          345    i.USART1_IRQHandler  uart_1.o
    0x08000e88   0x08000e88   0x00000040   Code   RO          346    i.USART2_IRQHandler  uart_1.o
    0x08000ec8   0x08000ec8   0x00000054   Code   RO          347    i.USART3_IRQHandler  uart_1.o
    0x08000f1c   0x08000f1c   0x0000001e   Code   RO         1519    i.USART_ClearITPendingBit  stm32f10x_usart.o
    0x08000f3a   0x08000f3a   0x0000000a   Code   RO         1536    i.USART_ReceiveData  stm32f10x_usart.o
    0x08000f44   0x08000f44   0x0000001a   Code   RO          348    i.__NVIC_EnableIRQ  uart_1.o
    0x08000f5e   0x08000f5e   0x00000002   PAD
    0x08000f60   0x08000f60   0x0000003c   Code   RO           90    i.checksum          device_command_1.o
    0x08000f9c   0x08000f9c   0x000001b0   Code   RO           91    i.comm_create_command  device_command_1.o
    0x0800114c   0x0800114c   0x000000dc   Code   RO           92    i.comm_detect_command  device_command_1.o
    0x08001228   0x08001228   0x000000d0   Code   RO           93    i.conver_floatTostr  device_command_1.o
    0x080012f8   0x080012f8   0x000000cc   Code   RO           94    i.conver_strTofloat  device_command_1.o
    0x080013c4   0x080013c4   0x00000068   Code   RO           95    i.conver_unsigned_intTostr  device_command_1.o
    0x0800142c   0x0800142c   0x00000030   Code   RO           96    i.conver_unsigned_strToint  device_command_1.o
    0x0800145c   0x0800145c   0x00000010   Code   RO          349    i.fputc             uart_1.o
    0x0800146c   0x0800146c   0x0000000c   Code   RO          171    i.main              main_1.o
    0x08001478   0x08001478   0x00000012   Code   RO          218    i.ringbuffer_empty  ringbuffer_1.o
    0x0800148a   0x0800148a   0x0000001e   Code   RO          219    i.ringbuffer_full   ringbuffer_1.o
    0x080014a8   0x080014a8   0x000000ec   Code   RO          220    i.ringbuffer_get_arr  ringbuffer_1.o
    0x08001594   0x08001594   0x00000006   Code   RO          221    i.ringbuffer_get_head  ringbuffer_1.o
    0x0800159a   0x0800159a   0x00000006   Code   RO          222    i.ringbuffer_get_tail  ringbuffer_1.o
    0x080015a0   0x080015a0   0x00000012   Code   RO          223    i.ringbuffer_increase_head  ringbuffer_1.o
    0x080015b2   0x080015b2   0x00000012   Code   RO          224    i.ringbuffer_increase_tail  ringbuffer_1.o
    0x080015c4   0x080015c4   0x00000018   Code   RO          225    i.ringbuffer_init   ringbuffer_1.o
    0x080015dc   0x080015dc   0x00000026   Code   RO          226    i.ringbuffer_pop    ringbuffer_1.o
    0x08001602   0x08001602   0x00000026   Code   RO          227    i.ringbuffer_push   ringbuffer_1.o
    0x08001628   0x08001628   0x0000001e   Code   RO           97    i.string_cat        device_command_1.o
    0x08001646   0x08001646   0x00000022   Code   RO           98    i.string_cmp_len    device_command_1.o
    0x08001668   0x08001668   0x0000002a   Code   RO           99    i.string_copy       device_command_1.o
    0x08001692   0x08001692   0x00000002   PAD
    0x08001694   0x08001694   0x00000038   Code   RO          100    i.string_crc        device_command_1.o
    0x080016cc   0x080016cc   0x00000012   Code   RO          101    i.string_length     device_command_1.o
    0x080016de   0x080016de   0x0000007e   Code   RO          102    i.string_split      device_command_1.o
    0x0800175c   0x0800175c   0x00000062   Code   RO         1796    x$fpl$d2f           fz_ws.l(d2f.o)
    0x080017be   0x080017be   0x00000002   PAD
    0x080017c0   0x080017c0   0x00000150   Code   RO         1798    x$fpl$dadd          fz_ws.l(daddsub_clz.o)
    0x08001910   0x08001910   0x00000018   Code   RO         1848    x$fpl$dcmpinf       fz_ws.l(dcmpi.o)
    0x08001928   0x08001928   0x0000002e   Code   RO         1805    x$fpl$dflt          fz_ws.l(dflt_clz.o)
    0x08001956   0x08001956   0x00000002   PAD
    0x08001958   0x08001958   0x00000078   Code   RO         1810    x$fpl$dleqf         fz_ws.l(dleqf.o)
    0x080019d0   0x080019d0   0x00000154   Code   RO         1812    x$fpl$dmul          fz_ws.l(dmul.o)
    0x08001b24   0x08001b24   0x0000009c   Code   RO         1850    x$fpl$dnaninf       fz_ws.l(dnaninf.o)
    0x08001bc0   0x08001bc0   0x0000000c   Code   RO         1852    x$fpl$dretinf       fz_ws.l(dretinf.o)
    0x08001bcc   0x08001bcc   0x000001d4   Code   RO         1800    x$fpl$dsub          fz_ws.l(daddsub_clz.o)
    0x08001da0   0x08001da0   0x00000056   Code   RO         1814    x$fpl$f2d           fz_ws.l(f2d.o)
    0x08001df6   0x08001df6   0x00000002   PAD
    0x08001df8   0x08001df8   0x000000c4   Code   RO         1816    x$fpl$fadd          fz_ws.l(faddsub_clz.o)
    0x08001ebc   0x08001ebc   0x00000184   Code   RO         1823    x$fpl$fdiv          fz_ws.l(fdiv.o)
    0x08002040   0x08002040   0x00000036   Code   RO         1826    x$fpl$ffix          fz_ws.l(ffix.o)
    0x08002076   0x08002076   0x00000002   PAD
    0x08002078   0x08002078   0x0000003e   Code   RO         1830    x$fpl$ffixu         fz_ws.l(ffixu.o)
    0x080020b6   0x080020b6   0x00000002   PAD
    0x080020b8   0x080020b8   0x00000030   Code   RO         1835    x$fpl$fflt          fz_ws.l(fflt_clz.o)
    0x080020e8   0x080020e8   0x00000026   Code   RO         1834    x$fpl$ffltu         fz_ws.l(fflt_clz.o)
    0x0800210e   0x0800210e   0x00000002   PAD
    0x08002110   0x08002110   0x00000102   Code   RO         1840    x$fpl$fmul          fz_ws.l(fmul.o)
    0x08002212   0x08002212   0x0000008c   Code   RO         1854    x$fpl$fnaninf       fz_ws.l(fnaninf.o)
    0x0800229e   0x0800229e   0x0000000a   Code   RO         1856    x$fpl$fretinf       fz_ws.l(fretinf.o)
    0x080022a8   0x080022a8   0x00000014   Code   RO         1817    x$fpl$frsb          fz_ws.l(faddsub_clz.o)
    0x080022bc   0x080022bc   0x000000ea   Code   RO         1818    x$fpl$fsub          fz_ws.l(faddsub_clz.o)
    0x080023a6   0x080023a6   0x00000000   Code   RO         1858    x$fpl$usenofp       fz_ws.l(usenofp.o)
    0x080023a6   0x080023a6   0x00000002   PAD
    0x080023a8   0x080023a8   0x00000020   Data   RO         2019    Region$$Table       anon$$obj.o


    Execution Region RW_IRAM1 (Exec base: 0x20000000, Load base: 0x080023c8, Size: 0x00000778, Max: 0x00005000, ABSOLUTE)

    Exec Addr    Load Addr    Size         Type   Attr      Idx    E Section Name        Object

    0x20000000   0x080023c8   0x00000009   Data   RW          104    .data               device_command_1.o
    0x20000009   0x080023d1   0x00000001   PAD
    0x2000000a   0x080023d2   0x00000012   Data   RW          288    .data               sys_1.o
    0x2000001c   0x080023e4   0x0000000c   Data   RW          351    .data               uart_1.o
    0x20000028   0x080023f0   0x00000001   Data   RW          527    .data               time_out.o
    0x20000029   0x080023f1   0x00000003   PAD
    0x2000002c   0x080023f4   0x00000014   Data   RW         1721    .data               system_stm32f10x.o
    0x20000040        -       0x00000028   Zero   RW          103    .bss                device_command_1.o
    0x20000068        -       0x00000064   Zero   RW          287    .bss                sys_1.o
    0x200000cc        -       0x0000004c   Zero   RW          350    .bss                uart_1.o
    0x20000118        -       0x00000060   Zero   RW         1893    .bss                c_w.l(libspace.o)
    0x20000178        -       0x00000200   Zero   RW         1708    HEAP                startup_stm32f10x_md.o
    0x20000378        -       0x00000400   Zero   RW         1707    STACK               startup_stm32f10x_md.o


==============================================================================

Image component sizes


      Code (inc. data)   RO Data    RW Data    ZI Data      Debug   Object Name

         0          0          0          0          0     242848   delay_1.o
      1582         72          0          9         40      10328   device_command_1.o
       376         50          0          0          0       2358   gpio.o
        12          0          0          0          0       1391   main_1.o
       432          0          0          0          0       6134   ringbuffer_1.o
        64         26        236          0       1536        820   startup_stm32f10x_md.o
       448          6          0          0          0       4742   stm32f10x_gpio.o
        64         12          0          0          0       1170   stm32f10x_rcc.o
       252         42          0          0          0       4346   stm32f10x_tim.o
        40          0          0          0          0       2818   stm32f10x_usart.o
       416        116          0         18        100       2686   sys_1.o
       328         28          0         20          0       2393   system_stm32f10x.o
       194         18          0          1          0       2700   time_out.o
       722        122          0         12         76      33324   uart_1.o

    ----------------------------------------------------------------------
      4940        492        268         64       1752     318058   Object Totals
         0          0         32          0          0          0   (incl. Generated)
        10          0          0          4          0          0   (incl. Padding)

    ----------------------------------------------------------------------

      Code (inc. data)   RO Data    RW Data    ZI Data      Debug   Library Member Name

         8          0          0          0          0         68   __main.o
       104          0          0          0          0         84   __printf.o
         0          0          0          0          0          0   __rtentry.o
        12          0          0          0          0          0   __rtentry2.o
         6          0          0          0          0          0   __rtentry4.o
        52          8          0          0          0          0   __scatter.o
        26          0          0          0          0          0   __scatter_copy.o
        28          0          0          0          0          0   __scatter_zi.o
        48          6          0          0          0         96   _printf_char_common.o
        36          4          0          0          0         80   _printf_char_file.o
         6          0          0          0          0          0   _printf_d.o
       120         16          0          0          0         92   _printf_dec.o
       178          0          0          0          0         88   _printf_intcommon.o
         0          0          0          0          0          0   _printf_percent.o
         4          0          0          0          0          0   _printf_percent_end.o
        18          0          0          0          0         80   exit.o
         8          0          0          0          0         68   ferror.o
         6          0          0          0          0        152   heapauxi.o
         0          0          0          0          0          0   indicate_semi.o
         2          0          0          0          0          0   libinit.o
         2          0          0          0          0          0   libinit2.o
         2          0          0          0          0          0   libshutdown.o
         2          0          0          0          0          0   libshutdown2.o
         8          4          0          0         96         68   libspace.o
        24          4          0          0          0         84   noretval__2printf.o
         2          0          0          0          0          0   rtexit.o
        10          0          0          0          0          0   rtexit2.o
        12          4          0          0          0         68   sys_exit.o
        74          0          0          0          0         80   sys_stackheap_outer.o
         2          0          0          0          0         68   use_no_semi.o
        98          4          0          0          0         92   d2f.o
       804         16          0          0          0        272   daddsub_clz.o
        24          0          0          0          0         68   dcmpi.o
        46          0          0          0          0         68   dflt_clz.o
       120          4          0          0          0         92   dleqf.o
       340         12          0          0          0        104   dmul.o
       156          4          0          0          0         92   dnaninf.o
        12          0          0          0          0         68   dretinf.o
        86          4          0          0          0         84   f2d.o
       450          8          0          0          0        236   faddsub_clz.o
       388         76          0          0          0         96   fdiv.o
        54          4          0          0          0         84   ffix.o
        62          4          0          0          0         84   ffixu.o
        86          0          0          0          0        136   fflt_clz.o
       258          4          0          0          0         84   fmul.o
       140          4          0          0          0         84   fnaninf.o
        10          0          0          0          0         68   fretinf.o
         0          0          0          0          0          0   usenofp.o

    ----------------------------------------------------------------------
      3952        190          0          0         96       2988   Library Totals
        18          0          0          0          0          0   (incl. Padding)

    ----------------------------------------------------------------------

      Code (inc. data)   RO Data    RW Data    ZI Data      Debug   Library Name

       800         46          0          0         96       1176   c_w.l
      3134        144          0          0          0       1812   fz_ws.l

    ----------------------------------------------------------------------
      3952        190          0          0         96       2988   Library Totals

    ----------------------------------------------------------------------

==============================================================================


      Code (inc. data)   RO Data    RW Data    ZI Data      Debug   

      8892        682        268         64       1848     316154   Grand Totals
      8892        682        268         64       1848     316154   ELF Image Totals
      8892        682        268         64          0          0   ROM Totals

==============================================================================

    Total RO  Size (Code + RO Data)                 9160 (   8.95kB)
    Total RW  Size (RW Data + ZI Data)              1912 (   1.87kB)
    Total ROM Size (Code + RO Data + RW Data)       9224 (   9.01kB)

==============================================================================

